[0.301s] DEBUG:colcon:Command line arguments: ['/usr/bin/colcon', 'build']
[0.301s] DEBUG:colcon:Parsed command line arguments: Namespace(log_base=None, log_level=None, verb_name='build', build_base='build', install_base='install', merge_install=False, symlink_install=False, test_result_base=None, continue_on_error=False, executor='parallel', parallel_workers=8, event_handlers=None, ignore_user_meta=False, metas=['./colcon.meta'], base_paths=['.'], packages_ignore=None, packages_ignore_regex=None, paths=None, packages_up_to=None, packages_up_to_regex=None, packages_above=None, packages_above_and_dependencies=None, packages_above_depth=None, packages_select_by_dep=None, packages_skip_by_dep=None, packages_skip_up_to=None, packages_select_build_failed=False, packages_skip_build_finished=False, packages_select_test_failures=False, packages_skip_test_passed=False, packages_select=None, packages_skip=None, packages_select_regex=None, packages_skip_regex=None, packages_start=None, packages_end=None, allow_overriding=[], cmake_args=None, cmake_target=None, cmake_target_skip_unavailable=False, cmake_clean_cache=False, cmake_clean_first=False, cmake_force_configure=False, ament_cmake_args=None, catkin_cmake_args=None, catkin_skip_building_tests=False, mixin_files=None, mixin=None, verb_parser=<colcon_mixin.mixin.mixin_argument.MixinArgumentDecorator object at 0x733957c7aea0>, verb_extension=<colcon_core.verb.build.BuildVerb object at 0x733957b03fe0>, main=<bound method BuildVerb.main of <colcon_core.verb.build.BuildVerb object at 0x733957b03fe0>>, mixin_verb=('build',))
[0.396s] Level 1:colcon.colcon_core.package_discovery:discover_packages(colcon_meta) check parameters
[0.396s] Level 1:colcon.colcon_core.package_discovery:discover_packages(recursive) check parameters
[0.396s] Level 1:colcon.colcon_core.package_discovery:discover_packages(ignore) check parameters
[0.396s] Level 1:colcon.colcon_core.package_discovery:discover_packages(path) check parameters
[0.396s] Level 1:colcon.colcon_core.package_discovery:discover_packages(colcon_meta) discover
[0.396s] Level 1:colcon.colcon_core.package_discovery:discover_packages(recursive) discover
[0.396s] INFO:colcon.colcon_core.package_discovery:Crawling recursively for packages in '/home/fiya/ros2_ws'
[0.396s] Level 1:colcon.colcon_core.package_identification:_identify(.) by extensions ['ignore', 'ignore_ament_install']
[0.396s] Level 1:colcon.colcon_core.package_identification:_identify(.) by extension 'ignore'
[0.396s] Level 1:colcon.colcon_core.package_identification:_identify(.) by extension 'ignore_ament_install'
[0.396s] Level 1:colcon.colcon_core.package_identification:_identify(.) by extensions ['colcon_pkg']
[0.396s] Level 1:colcon.colcon_core.package_identification:_identify(.) by extension 'colcon_pkg'
[0.396s] Level 1:colcon.colcon_core.package_identification:_identify(.) by extensions ['colcon_meta']
[0.397s] Level 1:colcon.colcon_core.package_identification:_identify(.) by extension 'colcon_meta'
[0.397s] Level 1:colcon.colcon_core.package_identification:_identify(.) by extensions ['ros']
[0.397s] Level 1:colcon.colcon_core.package_identification:_identify(.) by extension 'ros'
[0.444s] Level 1:colcon.colcon_core.package_identification:_identify(.) by extensions ['cmake', 'python']
[0.444s] Level 1:colcon.colcon_core.package_identification:_identify(.) by extension 'cmake'
[0.444s] Level 1:colcon.colcon_core.package_identification:_identify(.) by extension 'python'
[0.444s] Level 1:colcon.colcon_core.package_identification:_identify(.) by extensions ['python_setup_py']
[0.444s] Level 1:colcon.colcon_core.package_identification:_identify(.) by extension 'python_setup_py'
[0.444s] Level 1:colcon.colcon_core.package_identification:_identify(build) by extensions ['ignore', 'ignore_ament_install']
[0.445s] Level 1:colcon.colcon_core.package_identification:_identify(build) by extension 'ignore'
[0.445s] Level 1:colcon.colcon_core.package_identification:_identify(build) ignored
[0.445s] Level 1:colcon.colcon_core.package_identification:_identify(install) by extensions ['ignore', 'ignore_ament_install']
[0.445s] Level 1:colcon.colcon_core.package_identification:_identify(install) by extension 'ignore'
[0.445s] Level 1:colcon.colcon_core.package_identification:_identify(install) ignored
[0.445s] Level 1:colcon.colcon_core.package_identification:_identify(log) by extensions ['ignore', 'ignore_ament_install']
[0.445s] Level 1:colcon.colcon_core.package_identification:_identify(log) by extension 'ignore'
[0.445s] Level 1:colcon.colcon_core.package_identification:_identify(log) ignored
[0.445s] Level 1:colcon.colcon_core.package_identification:_identify(src) by extensions ['ignore', 'ignore_ament_install']
[0.445s] Level 1:colcon.colcon_core.package_identification:_identify(src) by extension 'ignore'
[0.445s] Level 1:colcon.colcon_core.package_identification:_identify(src) by extension 'ignore_ament_install'
[0.445s] Level 1:colcon.colcon_core.package_identification:_identify(src) by extensions ['colcon_pkg']
[0.446s] Level 1:colcon.colcon_core.package_identification:_identify(src) by extension 'colcon_pkg'
[0.446s] Level 1:colcon.colcon_core.package_identification:_identify(src) by extensions ['colcon_meta']
[0.446s] Level 1:colcon.colcon_core.package_identification:_identify(src) by extension 'colcon_meta'
[0.446s] Level 1:colcon.colcon_core.package_identification:_identify(src) by extensions ['ros']
[0.446s] Level 1:colcon.colcon_core.package_identification:_identify(src) by extension 'ros'
[0.446s] Level 1:colcon.colcon_core.package_identification:_identify(src) by extensions ['cmake', 'python']
[0.446s] Level 1:colcon.colcon_core.package_identification:_identify(src) by extension 'cmake'
[0.446s] Level 1:colcon.colcon_core.package_identification:_identify(src) by extension 'python'
[0.446s] Level 1:colcon.colcon_core.package_identification:_identify(src) by extensions ['python_setup_py']
[0.446s] Level 1:colcon.colcon_core.package_identification:_identify(src) by extension 'python_setup_py'
[0.446s] Level 1:colcon.colcon_core.package_identification:_identify(src/scan_subscriber) by extensions ['ignore', 'ignore_ament_install']
[0.446s] Level 1:colcon.colcon_core.package_identification:_identify(src/scan_subscriber) by extension 'ignore'
[0.446s] Level 1:colcon.colcon_core.package_identification:_identify(src/scan_subscriber) by extension 'ignore_ament_install'
[0.446s] Level 1:colcon.colcon_core.package_identification:_identify(src/scan_subscriber) by extensions ['colcon_pkg']
[0.446s] Level 1:colcon.colcon_core.package_identification:_identify(src/scan_subscriber) by extension 'colcon_pkg'
[0.446s] Level 1:colcon.colcon_core.package_identification:_identify(src/scan_subscriber) by extensions ['colcon_meta']
[0.446s] Level 1:colcon.colcon_core.package_identification:_identify(src/scan_subscriber) by extension 'colcon_meta'
[0.446s] Level 1:colcon.colcon_core.package_identification:_identify(src/scan_subscriber) by extensions ['ros']
[0.446s] Level 1:colcon.colcon_core.package_identification:_identify(src/scan_subscriber) by extension 'ros'
[0.450s] DEBUG:colcon.colcon_core.package_identification:Package 'src/scan_subscriber' with type 'ros.ament_python' and name 'scan_subscriber'
[0.450s] Level 1:colcon.colcon_core.package_identification:_identify(src/sllidar_ros2) by extensions ['ignore', 'ignore_ament_install']
[0.450s] Level 1:colcon.colcon_core.package_identification:_identify(src/sllidar_ros2) by extension 'ignore'
[0.450s] Level 1:colcon.colcon_core.package_identification:_identify(src/sllidar_ros2) by extension 'ignore_ament_install'
[0.451s] Level 1:colcon.colcon_core.package_identification:_identify(src/sllidar_ros2) by extensions ['colcon_pkg']
[0.451s] Level 1:colcon.colcon_core.package_identification:_identify(src/sllidar_ros2) by extension 'colcon_pkg'
[0.451s] Level 1:colcon.colcon_core.package_identification:_identify(src/sllidar_ros2) by extensions ['colcon_meta']
[0.451s] Level 1:colcon.colcon_core.package_identification:_identify(src/sllidar_ros2) by extension 'colcon_meta'
[0.451s] Level 1:colcon.colcon_core.package_identification:_identify(src/sllidar_ros2) by extensions ['ros']
[0.451s] Level 1:colcon.colcon_core.package_identification:_identify(src/sllidar_ros2) by extension 'ros'
[0.452s] DEBUG:colcon.colcon_core.package_identification:Package 'src/sllidar_ros2' with type 'ros.ament_cmake' and name 'sllidar_ros2'
[0.452s] Level 1:colcon.colcon_core.package_discovery:discover_packages(recursive) using defaults
[0.452s] Level 1:colcon.colcon_core.package_discovery:discover_packages(ignore) discover
[0.452s] Level 1:colcon.colcon_core.package_discovery:discover_packages(ignore) using defaults
[0.452s] Level 1:colcon.colcon_core.package_discovery:discover_packages(path) discover
[0.452s] Level 1:colcon.colcon_core.package_discovery:discover_packages(path) using defaults
[0.505s] Level 1:colcon.colcon_core.package_discovery:discover_packages(prefix_path) check parameters
[0.505s] Level 1:colcon.colcon_core.package_discovery:discover_packages(prefix_path) discover
[0.598s] DEBUG:colcon.colcon_installed_package_information.package_discovery:Found 2 installed packages in /home/fiya/ros2_ws/install
[0.613s] DEBUG:colcon.colcon_installed_package_information.package_discovery:Found 365 installed packages in /home/fiya/ros2_jazzy/install
[0.634s] Level 1:colcon.colcon_core.package_discovery:discover_packages(prefix_path) using defaults
[0.765s] Level 5:colcon.colcon_core.verb:set package 'scan_subscriber' build argument 'cmake_args' from command line to 'None'
[0.765s] Level 5:colcon.colcon_core.verb:set package 'scan_subscriber' build argument 'cmake_target' from command line to 'None'
[0.765s] Level 5:colcon.colcon_core.verb:set package 'scan_subscriber' build argument 'cmake_target_skip_unavailable' from command line to 'False'
[0.765s] Level 5:colcon.colcon_core.verb:set package 'scan_subscriber' build argument 'cmake_clean_cache' from command line to 'False'
[0.765s] Level 5:colcon.colcon_core.verb:set package 'scan_subscriber' build argument 'cmake_clean_first' from command line to 'False'
[0.765s] Level 5:colcon.colcon_core.verb:set package 'scan_subscriber' build argument 'cmake_force_configure' from command line to 'False'
[0.765s] Level 5:colcon.colcon_core.verb:set package 'scan_subscriber' build argument 'ament_cmake_args' from command line to 'None'
[0.765s] Level 5:colcon.colcon_core.verb:set package 'scan_subscriber' build argument 'catkin_cmake_args' from command line to 'None'
[0.765s] Level 5:colcon.colcon_core.verb:set package 'scan_subscriber' build argument 'catkin_skip_building_tests' from command line to 'False'
[0.765s] DEBUG:colcon.colcon_core.verb:Building package 'scan_subscriber' with the following arguments: {'ament_cmake_args': None, 'build_base': '/home/fiya/ros2_ws/build/scan_subscriber', 'catkin_cmake_args': None, 'catkin_skip_building_tests': False, 'cmake_args': None, 'cmake_clean_cache': False, 'cmake_clean_first': False, 'cmake_force_configure': False, 'cmake_target': None, 'cmake_target_skip_unavailable': False, 'install_base': '/home/fiya/ros2_ws/install/scan_subscriber', 'merge_install': False, 'path': '/home/fiya/ros2_ws/src/scan_subscriber', 'symlink_install': False, 'test_result_base': None}
[0.765s] Level 5:colcon.colcon_core.verb:set package 'sllidar_ros2' build argument 'cmake_args' from command line to 'None'
[0.766s] Level 5:colcon.colcon_core.verb:set package 'sllidar_ros2' build argument 'cmake_target' from command line to 'None'
[0.766s] Level 5:colcon.colcon_core.verb:set package 'sllidar_ros2' build argument 'cmake_target_skip_unavailable' from command line to 'False'
[0.766s] Level 5:colcon.colcon_core.verb:set package 'sllidar_ros2' build argument 'cmake_clean_cache' from command line to 'False'
[0.766s] Level 5:colcon.colcon_core.verb:set package 'sllidar_ros2' build argument 'cmake_clean_first' from command line to 'False'
[0.766s] Level 5:colcon.colcon_core.verb:set package 'sllidar_ros2' build argument 'cmake_force_configure' from command line to 'False'
[0.766s] Level 5:colcon.colcon_core.verb:set package 'sllidar_ros2' build argument 'ament_cmake_args' from command line to 'None'
[0.766s] Level 5:colcon.colcon_core.verb:set package 'sllidar_ros2' build argument 'catkin_cmake_args' from command line to 'None'
[0.766s] Level 5:colcon.colcon_core.verb:set package 'sllidar_ros2' build argument 'catkin_skip_building_tests' from command line to 'False'
[0.766s] DEBUG:colcon.colcon_core.verb:Building package 'sllidar_ros2' with the following arguments: {'ament_cmake_args': None, 'build_base': '/home/fiya/ros2_ws/build/sllidar_ros2', 'catkin_cmake_args': None, 'catkin_skip_building_tests': False, 'cmake_args': None, 'cmake_clean_cache': False, 'cmake_clean_first': False, 'cmake_force_configure': False, 'cmake_target': None, 'cmake_target_skip_unavailable': False, 'install_base': '/home/fiya/ros2_ws/install/sllidar_ros2', 'merge_install': False, 'path': '/home/fiya/ros2_ws/src/sllidar_ros2', 'symlink_install': False, 'test_result_base': None}
[0.766s] INFO:colcon.colcon_core.executor:Executing jobs using 'parallel' executor
[0.767s] DEBUG:colcon.colcon_parallel_executor.executor.parallel:run_until_complete
[0.767s] INFO:colcon.colcon_ros.task.ament_python.build:Building ROS package in '/home/fiya/ros2_ws/src/scan_subscriber' with build type 'ament_python'
[0.767s] Level 1:colcon.colcon_core.shell:create_environment_hook('scan_subscriber', 'ament_prefix_path')
[0.777s] INFO:colcon.colcon_core.plugin_system:Skipping extension 'colcon_core.shell.bat': Not used on non-Windows systems
[0.778s] INFO:colcon.colcon_core.shell:Creating environment hook '/home/fiya/ros2_ws/install/scan_subscriber/share/scan_subscriber/hook/ament_prefix_path.ps1'
[0.779s] INFO:colcon.colcon_core.shell:Creating environment descriptor '/home/fiya/ros2_ws/install/scan_subscriber/share/scan_subscriber/hook/ament_prefix_path.dsv'
[0.779s] INFO:colcon.colcon_core.shell:Creating environment hook '/home/fiya/ros2_ws/install/scan_subscriber/share/scan_subscriber/hook/ament_prefix_path.sh'
[0.781s] INFO:colcon.colcon_core.shell:Skip shell extension 'powershell' for command environment: Not usable outside of PowerShell
[0.781s] DEBUG:colcon.colcon_core.shell:Skip shell extension 'dsv' for command environment
[0.818s] INFO:colcon.colcon_ros.task.ament_cmake.build:Building ROS package in '/home/fiya/ros2_ws/src/sllidar_ros2' with build type 'ament_cmake'
[0.818s] INFO:colcon.colcon_cmake.task.cmake.build:Building CMake package in '/home/fiya/ros2_ws/src/sllidar_ros2'
[0.818s] INFO:colcon.colcon_core.shell:Skip shell extension 'powershell' for command environment: Not usable outside of PowerShell
[0.818s] DEBUG:colcon.colcon_core.shell:Skip shell extension 'dsv' for command environment
[1.567s] INFO:colcon.colcon_core.task.python.build:Building Python package in '/home/fiya/ros2_ws/src/scan_subscriber'
[1.568s] INFO:colcon.colcon_core.shell:Skip shell extension 'powershell' for command environment: Not usable outside of PowerShell
[1.568s] DEBUG:colcon.colcon_core.shell:Skip shell extension 'dsv' for command environment
[1.614s] DEBUG:colcon.colcon_core.event_handler.log_command:Invoking command in '/home/fiya/ros2_ws/build/sllidar_ros2': CMAKE_PREFIX_PATH=${CMAKE_PREFIX_PATH}:/home/fiya/ros2_ws/install/scan_subscriber:/home/fiya/ros2_jazzy/install/rqt_bag_plugins:/home/fiya/ros2_jazzy/install/launch_testing_examples:/home/fiya/ros2_jazzy/install/ros2bag:/home/fiya/ros2_jazzy/install/rqt_bag:/home/fiya/ros2_jazzy/install/rosbag2_examples_py:/home/fiya/ros2_jazzy/install/tracetools_test:/home/fiya/ros2_jazzy/install/tracetools_launch:/home/fiya/ros2_jazzy/install/topic_monitor:/home/fiya/ros2_jazzy/install/tf2_tools:/home/fiya/ros2_jazzy/install/examples_tf2_py:/home/fiya/ros2_jazzy/install/tf2_ros_py:/home/fiya/ros2_jazzy/install/examples_rclpy_pointcloud_publisher:/home/fiya/ros2_jazzy/install/sensor_msgs_py:/home/fiya/ros2_jazzy/install/quality_of_service_demo_py:/home/fiya/ros2_jazzy/install/camera_info_manager_py:/home/fiya/ros2_jazzy/install/rqt_plot:/home/fiya/ros2_jazzy/install/ros2doctor:/home/fiya/ros2_jazzy/install/lifecycle_py:/home/fiya/ros2_jazzy/install/examples_rclpy_minimal_subscriber:/home/fiya/ros2_jazzy/install/examples_rclpy_minimal_service:/home/fiya/ros2_jazzy/install/examples_rclpy_minimal_publisher:/home/fiya/ros2_jazzy/install/examples_rclpy_minimal_client:/home/fiya/ros2_jazzy/install/examples_rclpy_executors:/home/fiya/ros2_jazzy/install/demo_nodes_py:/home/fiya/ros2_jazzy/install/rqt:/home/fiya/ros2_jazzy/install/ros2component:/home/fiya/ros2_jazzy/install/sros2:/home/fiya/ros2_jazzy/install/rqt_topic:/home/fiya/ros2_jazzy/install/rqt_srv:/home/fiya/ros2_jazzy/install/rqt_shell:/home/fiya/ros2_jazzy/install/rqt_service_caller:/home/fiya/ros2_jazzy/install/rqt_reconfigure:/home/fiya/ros2_jazzy/install/rqt_py_console:/home/fiya/ros2_jazzy/install/rqt_publisher:/home/fiya/ros2_jazzy/install/rqt_action:/home/fiya/ros2_jazzy/install/rqt_msg:/home/fiya/ros2_jazzy/install/rqt_console:/home/fiya/ros2_jazzy/install/rqt_graph:/home/fiya/ros2_jazzy/install/rqt_gui_py:/home/fiya/ros2_jazzy/install/rqt_gui:/home/fiya/ros2_jazzy/install/ros2trace:/home/fiya/ros2_jazzy/install/ros2param:/home/fiya/ros2_jazzy/install/ros2lifecycle:/home/fiya/ros2_jazzy/install/ros2service:/home/fiya/ros2_jazzy/install/ros2topic:/home/fiya/ros2_jazzy/install/ros2test:/home/fiya/ros2_jazzy/install/ros2run:/home/fiya/ros2_jazzy/install/ros2plugin:/home/fiya/ros2_jazzy/install/ros2launch:/home/fiya/ros2_jazzy/install/ros2pkg:/home/fiya/ros2_jazzy/install/ros2node:/home/fiya/ros2_jazzy/install/ros2multicast:/home/fiya/ros2_jazzy/install/ros2interface:/home/fiya/ros2_jazzy/install/ros2action:/home/fiya/ros2_jazzy/install/ros2cli:/home/fiya/ros2_jazzy/install/launch_testing_ros:/home/fiya/ros2_jazzy/install/launch_ros:/home/fiya/ros2_jazzy/install/examples_rclpy_minimal_action_server:/home/fiya/ros2_jazzy/install/examples_rclpy_minimal_action_client:/home/fiya/ros2_jazzy/install/examples_rclpy_guard_conditions:/home/fiya/ros2_jazzy/install/action_tutorials_py:/home/fiya/ros2_jazzy/install/ament_uncrustify:/home/fiya/ros2_jazzy/install/tracetools_trace:/home/fiya/ros2_jazzy/install/tracetools_read:/home/fiya/ros2_jazzy/install/test_tracetools_launch:/home/fiya/ros2_jazzy/install/test_ros2trace:/home/fiya/ros2_jazzy/install/test_launch_ros:/home/fiya/ros2_jazzy/install/rpyutils:/home/fiya/ros2_jazzy/install/rosidl_runtime_py:/home/fiya/ros2_jazzy/install/rosidl_pycommon:/home/fiya/ros2_jazzy/install/rosidl_cli:/home/fiya/ros2_jazzy/install/launch_pytest:/home/fiya/ros2_jazzy/install/launch_testing:/home/fiya/ros2_jazzy/install/launch_yaml:/home/fiya/ros2_jazzy/install/launch_xml:/home/fiya/ros2_jazzy/install/launch:/home/fiya/ros2_jazzy/install/osrf_pycommon:/home/fiya/ros2_jazzy/install/domain_coordinator:/home/fiya/ros2_jazzy/install/ament_xmllint:/home/fiya/ros2_jazzy/install/ament_pyflakes:/home/fiya/ros2_jazzy/install/ament_pycodestyle:/home/fiya/ros2_jazzy/install/ament_pep257:/home/fiya/ros2_jazzy/install/ament_pclint:/home/fiya/ros2_jazzy/install/ament_package:/home/fiya/ros2_jazzy/install/ament_mypy:/home/fiya/ros2_jazzy/install/ament_lint_cmake:/home/fiya/ros2_jazzy/install/ament_flake8:/home/fiya/ros2_jazzy/install/ament_copyright:/home/fiya/ros2_jazzy/install/ament_lint:/home/fiya/ros2_jazzy/install/ament_index_python:/home/fiya/ros2_jazzy/install/ament_cpplint:/home/fiya/ros2_jazzy/install/ament_cppcheck:/home/fiya/ros2_jazzy/install/ament_clang_tidy:/home/fiya/ros2_jazzy/install/ament_clang_format DEBUGINFOD_URLS=https://debuginfod.ubuntu.com /usr/bin/cmake --build /home/fiya/ros2_ws/build/sllidar_ros2 -- -j8 -l8
[6.133s] DEBUG:colcon.colcon_core.event_handler.log_command:Invoking command in '/home/fiya/ros2_ws/src/scan_subscriber': DEBUGINFOD_URLS=https://debuginfod.ubuntu.com PYTHONPATH=/home/fiya/ros2_ws/build/scan_subscriber/prefix_override:/usr/lib/python3/dist-packages/colcon_core/task/python/colcon_distutils_commands:/home/fiya/ros2_ws/install/scan_subscriber/lib/python3.12/site-packages:${PYTHONPATH} /usr/bin/python3 -W ignore:setup.py install is deprecated -W ignore:easy_install command is deprecated setup.py egg_info --egg-base ../../build/scan_subscriber build --build-base /home/fiya/ros2_ws/build/scan_subscriber/build install --record /home/fiya/ros2_ws/build/scan_subscriber/install.log --single-version-externally-managed install_data
[8.106s] DEBUG:colcon.colcon_core.event_handler.log_command:Invoked command in '/home/fiya/ros2_ws/src/scan_subscriber' returned '0': DEBUGINFOD_URLS=https://debuginfod.ubuntu.com PYTHONPATH=/home/fiya/ros2_ws/build/scan_subscriber/prefix_override:/usr/lib/python3/dist-packages/colcon_core/task/python/colcon_distutils_commands:/home/fiya/ros2_ws/install/scan_subscriber/lib/python3.12/site-packages:${PYTHONPATH} /usr/bin/python3 -W ignore:setup.py install is deprecated -W ignore:easy_install command is deprecated setup.py egg_info --egg-base ../../build/scan_subscriber build --build-base /home/fiya/ros2_ws/build/scan_subscriber/build install --record /home/fiya/ros2_ws/build/scan_subscriber/install.log --single-version-externally-managed install_data
[8.121s] Level 1:colcon.colcon_core.environment:checking '/home/fiya/ros2_ws/install/scan_subscriber' for CMake module files
[8.123s] Level 1:colcon.colcon_core.environment:checking '/home/fiya/ros2_ws/install/scan_subscriber' for CMake config files
[8.125s] Level 1:colcon.colcon_core.environment:checking '/home/fiya/ros2_ws/install/scan_subscriber/lib'
[8.125s] Level 1:colcon.colcon_core.environment:checking '/home/fiya/ros2_ws/install/scan_subscriber/bin'
[8.125s] Level 1:colcon.colcon_core.environment:checking '/home/fiya/ros2_ws/install/scan_subscriber/lib/pkgconfig/scan_subscriber.pc'
[8.126s] Level 1:colcon.colcon_core.environment:checking '/home/fiya/ros2_ws/install/scan_subscriber/lib/python3.12/site-packages'
[8.126s] Level 1:colcon.colcon_core.shell:create_environment_hook('scan_subscriber', 'pythonpath')
[8.126s] INFO:colcon.colcon_core.shell:Creating environment hook '/home/fiya/ros2_ws/install/scan_subscriber/share/scan_subscriber/hook/pythonpath.ps1'
[8.127s] INFO:colcon.colcon_core.shell:Creating environment descriptor '/home/fiya/ros2_ws/install/scan_subscriber/share/scan_subscriber/hook/pythonpath.dsv'
[8.128s] INFO:colcon.colcon_core.shell:Creating environment hook '/home/fiya/ros2_ws/install/scan_subscriber/share/scan_subscriber/hook/pythonpath.sh'
[8.129s] Level 1:colcon.colcon_core.environment:checking '/home/fiya/ros2_ws/install/scan_subscriber/bin'
[8.129s] Level 1:colcon.colcon_core.environment:create_environment_scripts_only(scan_subscriber)
[8.129s] INFO:colcon.colcon_core.shell:Creating package script '/home/fiya/ros2_ws/install/scan_subscriber/share/scan_subscriber/package.ps1'
[8.131s] INFO:colcon.colcon_core.shell:Creating package descriptor '/home/fiya/ros2_ws/install/scan_subscriber/share/scan_subscriber/package.dsv'
[8.132s] INFO:colcon.colcon_core.shell:Creating package script '/home/fiya/ros2_ws/install/scan_subscriber/share/scan_subscriber/package.sh'
[8.133s] INFO:colcon.colcon_core.shell:Creating package script '/home/fiya/ros2_ws/install/scan_subscriber/share/scan_subscriber/package.bash'
[8.134s] INFO:colcon.colcon_core.shell:Creating package script '/home/fiya/ros2_ws/install/scan_subscriber/share/scan_subscriber/package.zsh'
[8.136s] Level 1:colcon.colcon_core.environment:create_file_with_runtime_dependencies(/home/fiya/ros2_ws/install/scan_subscriber/share/colcon-core/packages/scan_subscriber)
[17.327s] DEBUG:colcon.colcon_core.event_handler.log_command:Invoked command in '/home/fiya/ros2_ws/build/sllidar_ros2' returned '0': CMAKE_PREFIX_PATH=${CMAKE_PREFIX_PATH}:/home/fiya/ros2_ws/install/scan_subscriber:/home/fiya/ros2_jazzy/install/rqt_bag_plugins:/home/fiya/ros2_jazzy/install/launch_testing_examples:/home/fiya/ros2_jazzy/install/ros2bag:/home/fiya/ros2_jazzy/install/rqt_bag:/home/fiya/ros2_jazzy/install/rosbag2_examples_py:/home/fiya/ros2_jazzy/install/tracetools_test:/home/fiya/ros2_jazzy/install/tracetools_launch:/home/fiya/ros2_jazzy/install/topic_monitor:/home/fiya/ros2_jazzy/install/tf2_tools:/home/fiya/ros2_jazzy/install/examples_tf2_py:/home/fiya/ros2_jazzy/install/tf2_ros_py:/home/fiya/ros2_jazzy/install/examples_rclpy_pointcloud_publisher:/home/fiya/ros2_jazzy/install/sensor_msgs_py:/home/fiya/ros2_jazzy/install/quality_of_service_demo_py:/home/fiya/ros2_jazzy/install/camera_info_manager_py:/home/fiya/ros2_jazzy/install/rqt_plot:/home/fiya/ros2_jazzy/install/ros2doctor:/home/fiya/ros2_jazzy/install/lifecycle_py:/home/fiya/ros2_jazzy/install/examples_rclpy_minimal_subscriber:/home/fiya/ros2_jazzy/install/examples_rclpy_minimal_service:/home/fiya/ros2_jazzy/install/examples_rclpy_minimal_publisher:/home/fiya/ros2_jazzy/install/examples_rclpy_minimal_client:/home/fiya/ros2_jazzy/install/examples_rclpy_executors:/home/fiya/ros2_jazzy/install/demo_nodes_py:/home/fiya/ros2_jazzy/install/rqt:/home/fiya/ros2_jazzy/install/ros2component:/home/fiya/ros2_jazzy/install/sros2:/home/fiya/ros2_jazzy/install/rqt_topic:/home/fiya/ros2_jazzy/install/rqt_srv:/home/fiya/ros2_jazzy/install/rqt_shell:/home/fiya/ros2_jazzy/install/rqt_service_caller:/home/fiya/ros2_jazzy/install/rqt_reconfigure:/home/fiya/ros2_jazzy/install/rqt_py_console:/home/fiya/ros2_jazzy/install/rqt_publisher:/home/fiya/ros2_jazzy/install/rqt_action:/home/fiya/ros2_jazzy/install/rqt_msg:/home/fiya/ros2_jazzy/install/rqt_console:/home/fiya/ros2_jazzy/install/rqt_graph:/home/fiya/ros2_jazzy/install/rqt_gui_py:/home/fiya/ros2_jazzy/install/rqt_gui:/home/fiya/ros2_jazzy/install/ros2trace:/home/fiya/ros2_jazzy/install/ros2param:/home/fiya/ros2_jazzy/install/ros2lifecycle:/home/fiya/ros2_jazzy/install/ros2service:/home/fiya/ros2_jazzy/install/ros2topic:/home/fiya/ros2_jazzy/install/ros2test:/home/fiya/ros2_jazzy/install/ros2run:/home/fiya/ros2_jazzy/install/ros2plugin:/home/fiya/ros2_jazzy/install/ros2launch:/home/fiya/ros2_jazzy/install/ros2pkg:/home/fiya/ros2_jazzy/install/ros2node:/home/fiya/ros2_jazzy/install/ros2multicast:/home/fiya/ros2_jazzy/install/ros2interface:/home/fiya/ros2_jazzy/install/ros2action:/home/fiya/ros2_jazzy/install/ros2cli:/home/fiya/ros2_jazzy/install/launch_testing_ros:/home/fiya/ros2_jazzy/install/launch_ros:/home/fiya/ros2_jazzy/install/examples_rclpy_minimal_action_server:/home/fiya/ros2_jazzy/install/examples_rclpy_minimal_action_client:/home/fiya/ros2_jazzy/install/examples_rclpy_guard_conditions:/home/fiya/ros2_jazzy/install/action_tutorials_py:/home/fiya/ros2_jazzy/install/ament_uncrustify:/home/fiya/ros2_jazzy/install/tracetools_trace:/home/fiya/ros2_jazzy/install/tracetools_read:/home/fiya/ros2_jazzy/install/test_tracetools_launch:/home/fiya/ros2_jazzy/install/test_ros2trace:/home/fiya/ros2_jazzy/install/test_launch_ros:/home/fiya/ros2_jazzy/install/rpyutils:/home/fiya/ros2_jazzy/install/rosidl_runtime_py:/home/fiya/ros2_jazzy/install/rosidl_pycommon:/home/fiya/ros2_jazzy/install/rosidl_cli:/home/fiya/ros2_jazzy/install/launch_pytest:/home/fiya/ros2_jazzy/install/launch_testing:/home/fiya/ros2_jazzy/install/launch_yaml:/home/fiya/ros2_jazzy/install/launch_xml:/home/fiya/ros2_jazzy/install/launch:/home/fiya/ros2_jazzy/install/osrf_pycommon:/home/fiya/ros2_jazzy/install/domain_coordinator:/home/fiya/ros2_jazzy/install/ament_xmllint:/home/fiya/ros2_jazzy/install/ament_pyflakes:/home/fiya/ros2_jazzy/install/ament_pycodestyle:/home/fiya/ros2_jazzy/install/ament_pep257:/home/fiya/ros2_jazzy/install/ament_pclint:/home/fiya/ros2_jazzy/install/ament_package:/home/fiya/ros2_jazzy/install/ament_mypy:/home/fiya/ros2_jazzy/install/ament_lint_cmake:/home/fiya/ros2_jazzy/install/ament_flake8:/home/fiya/ros2_jazzy/install/ament_copyright:/home/fiya/ros2_jazzy/install/ament_lint:/home/fiya/ros2_jazzy/install/ament_index_python:/home/fiya/ros2_jazzy/install/ament_cpplint:/home/fiya/ros2_jazzy/install/ament_cppcheck:/home/fiya/ros2_jazzy/install/ament_clang_tidy:/home/fiya/ros2_jazzy/install/ament_clang_format DEBUGINFOD_URLS=https://debuginfod.ubuntu.com /usr/bin/cmake --build /home/fiya/ros2_ws/build/sllidar_ros2 -- -j8 -l8
[17.371s] DEBUG:colcon.colcon_core.event_handler.log_command:Invoking command in '/home/fiya/ros2_ws/build/sllidar_ros2': CMAKE_PREFIX_PATH=${CMAKE_PREFIX_PATH}:/home/fiya/ros2_ws/install/scan_subscriber:/home/fiya/ros2_jazzy/install/rqt_bag_plugins:/home/fiya/ros2_jazzy/install/launch_testing_examples:/home/fiya/ros2_jazzy/install/ros2bag:/home/fiya/ros2_jazzy/install/rqt_bag:/home/fiya/ros2_jazzy/install/rosbag2_examples_py:/home/fiya/ros2_jazzy/install/tracetools_test:/home/fiya/ros2_jazzy/install/tracetools_launch:/home/fiya/ros2_jazzy/install/topic_monitor:/home/fiya/ros2_jazzy/install/tf2_tools:/home/fiya/ros2_jazzy/install/examples_tf2_py:/home/fiya/ros2_jazzy/install/tf2_ros_py:/home/fiya/ros2_jazzy/install/examples_rclpy_pointcloud_publisher:/home/fiya/ros2_jazzy/install/sensor_msgs_py:/home/fiya/ros2_jazzy/install/quality_of_service_demo_py:/home/fiya/ros2_jazzy/install/camera_info_manager_py:/home/fiya/ros2_jazzy/install/rqt_plot:/home/fiya/ros2_jazzy/install/ros2doctor:/home/fiya/ros2_jazzy/install/lifecycle_py:/home/fiya/ros2_jazzy/install/examples_rclpy_minimal_subscriber:/home/fiya/ros2_jazzy/install/examples_rclpy_minimal_service:/home/fiya/ros2_jazzy/install/examples_rclpy_minimal_publisher:/home/fiya/ros2_jazzy/install/examples_rclpy_minimal_client:/home/fiya/ros2_jazzy/install/examples_rclpy_executors:/home/fiya/ros2_jazzy/install/demo_nodes_py:/home/fiya/ros2_jazzy/install/rqt:/home/fiya/ros2_jazzy/install/ros2component:/home/fiya/ros2_jazzy/install/sros2:/home/fiya/ros2_jazzy/install/rqt_topic:/home/fiya/ros2_jazzy/install/rqt_srv:/home/fiya/ros2_jazzy/install/rqt_shell:/home/fiya/ros2_jazzy/install/rqt_service_caller:/home/fiya/ros2_jazzy/install/rqt_reconfigure:/home/fiya/ros2_jazzy/install/rqt_py_console:/home/fiya/ros2_jazzy/install/rqt_publisher:/home/fiya/ros2_jazzy/install/rqt_action:/home/fiya/ros2_jazzy/install/rqt_msg:/home/fiya/ros2_jazzy/install/rqt_console:/home/fiya/ros2_jazzy/install/rqt_graph:/home/fiya/ros2_jazzy/install/rqt_gui_py:/home/fiya/ros2_jazzy/install/rqt_gui:/home/fiya/ros2_jazzy/install/ros2trace:/home/fiya/ros2_jazzy/install/ros2param:/home/fiya/ros2_jazzy/install/ros2lifecycle:/home/fiya/ros2_jazzy/install/ros2service:/home/fiya/ros2_jazzy/install/ros2topic:/home/fiya/ros2_jazzy/install/ros2test:/home/fiya/ros2_jazzy/install/ros2run:/home/fiya/ros2_jazzy/install/ros2plugin:/home/fiya/ros2_jazzy/install/ros2launch:/home/fiya/ros2_jazzy/install/ros2pkg:/home/fiya/ros2_jazzy/install/ros2node:/home/fiya/ros2_jazzy/install/ros2multicast:/home/fiya/ros2_jazzy/install/ros2interface:/home/fiya/ros2_jazzy/install/ros2action:/home/fiya/ros2_jazzy/install/ros2cli:/home/fiya/ros2_jazzy/install/launch_testing_ros:/home/fiya/ros2_jazzy/install/launch_ros:/home/fiya/ros2_jazzy/install/examples_rclpy_minimal_action_server:/home/fiya/ros2_jazzy/install/examples_rclpy_minimal_action_client:/home/fiya/ros2_jazzy/install/examples_rclpy_guard_conditions:/home/fiya/ros2_jazzy/install/action_tutorials_py:/home/fiya/ros2_jazzy/install/ament_uncrustify:/home/fiya/ros2_jazzy/install/tracetools_trace:/home/fiya/ros2_jazzy/install/tracetools_read:/home/fiya/ros2_jazzy/install/test_tracetools_launch:/home/fiya/ros2_jazzy/install/test_ros2trace:/home/fiya/ros2_jazzy/install/test_launch_ros:/home/fiya/ros2_jazzy/install/rpyutils:/home/fiya/ros2_jazzy/install/rosidl_runtime_py:/home/fiya/ros2_jazzy/install/rosidl_pycommon:/home/fiya/ros2_jazzy/install/rosidl_cli:/home/fiya/ros2_jazzy/install/launch_pytest:/home/fiya/ros2_jazzy/install/launch_testing:/home/fiya/ros2_jazzy/install/launch_yaml:/home/fiya/ros2_jazzy/install/launch_xml:/home/fiya/ros2_jazzy/install/launch:/home/fiya/ros2_jazzy/install/osrf_pycommon:/home/fiya/ros2_jazzy/install/domain_coordinator:/home/fiya/ros2_jazzy/install/ament_xmllint:/home/fiya/ros2_jazzy/install/ament_pyflakes:/home/fiya/ros2_jazzy/install/ament_pycodestyle:/home/fiya/ros2_jazzy/install/ament_pep257:/home/fiya/ros2_jazzy/install/ament_pclint:/home/fiya/ros2_jazzy/install/ament_package:/home/fiya/ros2_jazzy/install/ament_mypy:/home/fiya/ros2_jazzy/install/ament_lint_cmake:/home/fiya/ros2_jazzy/install/ament_flake8:/home/fiya/ros2_jazzy/install/ament_copyright:/home/fiya/ros2_jazzy/install/ament_lint:/home/fiya/ros2_jazzy/install/ament_index_python:/home/fiya/ros2_jazzy/install/ament_cpplint:/home/fiya/ros2_jazzy/install/ament_cppcheck:/home/fiya/ros2_jazzy/install/ament_clang_tidy:/home/fiya/ros2_jazzy/install/ament_clang_format DEBUGINFOD_URLS=https://debuginfod.ubuntu.com /usr/bin/cmake --install /home/fiya/ros2_ws/build/sllidar_ros2
[17.458s] Level 1:colcon.colcon_core.environment:create_environment_scripts_only(sllidar_ros2)
[17.459s] Level 1:colcon.colcon_core.environment:checking '/home/fiya/ros2_ws/install/sllidar_ros2' for CMake module files
[17.460s] DEBUG:colcon.colcon_core.event_handler.log_command:Invoked command in '/home/fiya/ros2_ws/build/sllidar_ros2' returned '0': CMAKE_PREFIX_PATH=${CMAKE_PREFIX_PATH}:/home/fiya/ros2_ws/install/scan_subscriber:/home/fiya/ros2_jazzy/install/rqt_bag_plugins:/home/fiya/ros2_jazzy/install/launch_testing_examples:/home/fiya/ros2_jazzy/install/ros2bag:/home/fiya/ros2_jazzy/install/rqt_bag:/home/fiya/ros2_jazzy/install/rosbag2_examples_py:/home/fiya/ros2_jazzy/install/tracetools_test:/home/fiya/ros2_jazzy/install/tracetools_launch:/home/fiya/ros2_jazzy/install/topic_monitor:/home/fiya/ros2_jazzy/install/tf2_tools:/home/fiya/ros2_jazzy/install/examples_tf2_py:/home/fiya/ros2_jazzy/install/tf2_ros_py:/home/fiya/ros2_jazzy/install/examples_rclpy_pointcloud_publisher:/home/fiya/ros2_jazzy/install/sensor_msgs_py:/home/fiya/ros2_jazzy/install/quality_of_service_demo_py:/home/fiya/ros2_jazzy/install/camera_info_manager_py:/home/fiya/ros2_jazzy/install/rqt_plot:/home/fiya/ros2_jazzy/install/ros2doctor:/home/fiya/ros2_jazzy/install/lifecycle_py:/home/fiya/ros2_jazzy/install/examples_rclpy_minimal_subscriber:/home/fiya/ros2_jazzy/install/examples_rclpy_minimal_service:/home/fiya/ros2_jazzy/install/examples_rclpy_minimal_publisher:/home/fiya/ros2_jazzy/install/examples_rclpy_minimal_client:/home/fiya/ros2_jazzy/install/examples_rclpy_executors:/home/fiya/ros2_jazzy/install/demo_nodes_py:/home/fiya/ros2_jazzy/install/rqt:/home/fiya/ros2_jazzy/install/ros2component:/home/fiya/ros2_jazzy/install/sros2:/home/fiya/ros2_jazzy/install/rqt_topic:/home/fiya/ros2_jazzy/install/rqt_srv:/home/fiya/ros2_jazzy/install/rqt_shell:/home/fiya/ros2_jazzy/install/rqt_service_caller:/home/fiya/ros2_jazzy/install/rqt_reconfigure:/home/fiya/ros2_jazzy/install/rqt_py_console:/home/fiya/ros2_jazzy/install/rqt_publisher:/home/fiya/ros2_jazzy/install/rqt_action:/home/fiya/ros2_jazzy/install/rqt_msg:/home/fiya/ros2_jazzy/install/rqt_console:/home/fiya/ros2_jazzy/install/rqt_graph:/home/fiya/ros2_jazzy/install/rqt_gui_py:/home/fiya/ros2_jazzy/install/rqt_gui:/home/fiya/ros2_jazzy/install/ros2trace:/home/fiya/ros2_jazzy/install/ros2param:/home/fiya/ros2_jazzy/install/ros2lifecycle:/home/fiya/ros2_jazzy/install/ros2service:/home/fiya/ros2_jazzy/install/ros2topic:/home/fiya/ros2_jazzy/install/ros2test:/home/fiya/ros2_jazzy/install/ros2run:/home/fiya/ros2_jazzy/install/ros2plugin:/home/fiya/ros2_jazzy/install/ros2launch:/home/fiya/ros2_jazzy/install/ros2pkg:/home/fiya/ros2_jazzy/install/ros2node:/home/fiya/ros2_jazzy/install/ros2multicast:/home/fiya/ros2_jazzy/install/ros2interface:/home/fiya/ros2_jazzy/install/ros2action:/home/fiya/ros2_jazzy/install/ros2cli:/home/fiya/ros2_jazzy/install/launch_testing_ros:/home/fiya/ros2_jazzy/install/launch_ros:/home/fiya/ros2_jazzy/install/examples_rclpy_minimal_action_server:/home/fiya/ros2_jazzy/install/examples_rclpy_minimal_action_client:/home/fiya/ros2_jazzy/install/examples_rclpy_guard_conditions:/home/fiya/ros2_jazzy/install/action_tutorials_py:/home/fiya/ros2_jazzy/install/ament_uncrustify:/home/fiya/ros2_jazzy/install/tracetools_trace:/home/fiya/ros2_jazzy/install/tracetools_read:/home/fiya/ros2_jazzy/install/test_tracetools_launch:/home/fiya/ros2_jazzy/install/test_ros2trace:/home/fiya/ros2_jazzy/install/test_launch_ros:/home/fiya/ros2_jazzy/install/rpyutils:/home/fiya/ros2_jazzy/install/rosidl_runtime_py:/home/fiya/ros2_jazzy/install/rosidl_pycommon:/home/fiya/ros2_jazzy/install/rosidl_cli:/home/fiya/ros2_jazzy/install/launch_pytest:/home/fiya/ros2_jazzy/install/launch_testing:/home/fiya/ros2_jazzy/install/launch_yaml:/home/fiya/ros2_jazzy/install/launch_xml:/home/fiya/ros2_jazzy/install/launch:/home/fiya/ros2_jazzy/install/osrf_pycommon:/home/fiya/ros2_jazzy/install/domain_coordinator:/home/fiya/ros2_jazzy/install/ament_xmllint:/home/fiya/ros2_jazzy/install/ament_pyflakes:/home/fiya/ros2_jazzy/install/ament_pycodestyle:/home/fiya/ros2_jazzy/install/ament_pep257:/home/fiya/ros2_jazzy/install/ament_pclint:/home/fiya/ros2_jazzy/install/ament_package:/home/fiya/ros2_jazzy/install/ament_mypy:/home/fiya/ros2_jazzy/install/ament_lint_cmake:/home/fiya/ros2_jazzy/install/ament_flake8:/home/fiya/ros2_jazzy/install/ament_copyright:/home/fiya/ros2_jazzy/install/ament_lint:/home/fiya/ros2_jazzy/install/ament_index_python:/home/fiya/ros2_jazzy/install/ament_cpplint:/home/fiya/ros2_jazzy/install/ament_cppcheck:/home/fiya/ros2_jazzy/install/ament_clang_tidy:/home/fiya/ros2_jazzy/install/ament_clang_format DEBUGINFOD_URLS=https://debuginfod.ubuntu.com /usr/bin/cmake --install /home/fiya/ros2_ws/build/sllidar_ros2
[17.462s] Level 1:colcon.colcon_core.environment:checking '/home/fiya/ros2_ws/install/sllidar_ros2' for CMake config files
[17.463s] Level 1:colcon.colcon_core.shell:create_environment_hook('sllidar_ros2', 'cmake_prefix_path')
[17.464s] INFO:colcon.colcon_core.shell:Creating environment hook '/home/fiya/ros2_ws/install/sllidar_ros2/share/sllidar_ros2/hook/cmake_prefix_path.ps1'
[17.465s] INFO:colcon.colcon_core.shell:Creating environment descriptor '/home/fiya/ros2_ws/install/sllidar_ros2/share/sllidar_ros2/hook/cmake_prefix_path.dsv'
[17.466s] INFO:colcon.colcon_core.shell:Creating environment hook '/home/fiya/ros2_ws/install/sllidar_ros2/share/sllidar_ros2/hook/cmake_prefix_path.sh'
[17.468s] Level 1:colcon.colcon_core.environment:checking '/home/fiya/ros2_ws/install/sllidar_ros2/lib'
[17.469s] Level 1:colcon.colcon_core.environment:checking '/home/fiya/ros2_ws/install/sllidar_ros2/bin'
[17.469s] Level 1:colcon.colcon_core.environment:checking '/home/fiya/ros2_ws/install/sllidar_ros2/lib/pkgconfig/sllidar_ros2.pc'
[17.470s] Level 1:colcon.colcon_core.environment:checking '/home/fiya/ros2_ws/install/sllidar_ros2/lib/python3.12/site-packages'
[17.471s] Level 1:colcon.colcon_core.environment:checking '/home/fiya/ros2_ws/install/sllidar_ros2/bin'
[17.472s] INFO:colcon.colcon_core.shell:Creating package script '/home/fiya/ros2_ws/install/sllidar_ros2/share/sllidar_ros2/package.ps1'
[17.473s] INFO:colcon.colcon_core.shell:Creating package descriptor '/home/fiya/ros2_ws/install/sllidar_ros2/share/sllidar_ros2/package.dsv'
[17.475s] INFO:colcon.colcon_core.shell:Creating package script '/home/fiya/ros2_ws/install/sllidar_ros2/share/sllidar_ros2/package.sh'
[17.476s] INFO:colcon.colcon_core.shell:Creating package script '/home/fiya/ros2_ws/install/sllidar_ros2/share/sllidar_ros2/package.bash'
[17.477s] INFO:colcon.colcon_core.shell:Creating package script '/home/fiya/ros2_ws/install/sllidar_ros2/share/sllidar_ros2/package.zsh'
[17.478s] Level 1:colcon.colcon_core.environment:create_file_with_runtime_dependencies(/home/fiya/ros2_ws/install/sllidar_ros2/share/colcon-core/packages/sllidar_ros2)
[17.480s] Level 1:colcon.colcon_core.environment:create_environment_scripts_only(sllidar_ros2)
[17.480s] Level 1:colcon.colcon_core.environment:checking '/home/fiya/ros2_ws/install/sllidar_ros2' for CMake module files
[17.483s] Level 1:colcon.colcon_core.environment:checking '/home/fiya/ros2_ws/install/sllidar_ros2' for CMake config files
[17.483s] Level 1:colcon.colcon_core.shell:create_environment_hook('sllidar_ros2', 'cmake_prefix_path')
[17.484s] INFO:colcon.colcon_core.shell:Creating environment hook '/home/fiya/ros2_ws/install/sllidar_ros2/share/sllidar_ros2/hook/cmake_prefix_path.ps1'
[17.485s] INFO:colcon.colcon_core.shell:Creating environment descriptor '/home/fiya/ros2_ws/install/sllidar_ros2/share/sllidar_ros2/hook/cmake_prefix_path.dsv'
[17.486s] INFO:colcon.colcon_core.shell:Creating environment hook '/home/fiya/ros2_ws/install/sllidar_ros2/share/sllidar_ros2/hook/cmake_prefix_path.sh'
[17.488s] Level 1:colcon.colcon_core.environment:checking '/home/fiya/ros2_ws/install/sllidar_ros2/lib'
[17.488s] Level 1:colcon.colcon_core.environment:checking '/home/fiya/ros2_ws/install/sllidar_ros2/bin'
[17.488s] Level 1:colcon.colcon_core.environment:checking '/home/fiya/ros2_ws/install/sllidar_ros2/lib/pkgconfig/sllidar_ros2.pc'
[17.489s] Level 1:colcon.colcon_core.environment:checking '/home/fiya/ros2_ws/install/sllidar_ros2/lib/python3.12/site-packages'
[17.490s] Level 1:colcon.colcon_core.environment:checking '/home/fiya/ros2_ws/install/sllidar_ros2/bin'
[17.491s] INFO:colcon.colcon_core.shell:Creating package script '/home/fiya/ros2_ws/install/sllidar_ros2/share/sllidar_ros2/package.ps1'
[17.492s] INFO:colcon.colcon_core.shell:Creating package descriptor '/home/fiya/ros2_ws/install/sllidar_ros2/share/sllidar_ros2/package.dsv'
[17.494s] INFO:colcon.colcon_core.shell:Creating package script '/home/fiya/ros2_ws/install/sllidar_ros2/share/sllidar_ros2/package.sh'
[17.495s] INFO:colcon.colcon_core.shell:Creating package script '/home/fiya/ros2_ws/install/sllidar_ros2/share/sllidar_ros2/package.bash'
[17.496s] INFO:colcon.colcon_core.shell:Creating package script '/home/fiya/ros2_ws/install/sllidar_ros2/share/sllidar_ros2/package.zsh'
[17.498s] Level 1:colcon.colcon_core.environment:create_file_with_runtime_dependencies(/home/fiya/ros2_ws/install/sllidar_ros2/share/colcon-core/packages/sllidar_ros2)
[17.499s] DEBUG:colcon.colcon_parallel_executor.executor.parallel:closing loop
[17.500s] DEBUG:colcon.colcon_parallel_executor.executor.parallel:loop closed
[17.500s] DEBUG:colcon.colcon_parallel_executor.executor.parallel:run_until_complete finished with '0'
[17.500s] DEBUG:colcon.colcon_core.event_reactor:joining thread
[17.542s] INFO:colcon.colcon_core.plugin_system:Skipping extension 'colcon_notification.desktop_notification.terminal_notifier': Not used on non-Darwin systems
[17.542s] INFO:colcon.colcon_core.plugin_system:Skipping extension 'colcon_notification.desktop_notification.win32': Not used on non-Windows systems
[17.542s] INFO:colcon.colcon_notification.desktop_notification:Sending desktop notification using 'notify2'
[17.579s] DEBUG:colcon.colcon_core.event_reactor:joined thread
[17.580s] INFO:colcon.colcon_core.shell:Creating prefix script '/home/fiya/ros2_ws/install/local_setup.ps1'
[17.582s] INFO:colcon.colcon_core.shell:Creating prefix util module '/home/fiya/ros2_ws/install/_local_setup_util_ps1.py'
[17.586s] INFO:colcon.colcon_core.shell:Creating prefix chain script '/home/fiya/ros2_ws/install/setup.ps1'
[17.625s] INFO:colcon.colcon_core.shell:Creating prefix script '/home/fiya/ros2_ws/install/local_setup.sh'
[17.626s] INFO:colcon.colcon_core.shell:Creating prefix util module '/home/fiya/ros2_ws/install/_local_setup_util_sh.py'
[17.627s] INFO:colcon.colcon_core.shell:Creating prefix chain script '/home/fiya/ros2_ws/install/setup.sh'
[17.647s] INFO:colcon.colcon_core.shell:Creating prefix script '/home/fiya/ros2_ws/install/local_setup.bash'
[17.647s] INFO:colcon.colcon_core.shell:Creating prefix chain script '/home/fiya/ros2_ws/install/setup.bash'
[17.667s] INFO:colcon.colcon_core.shell:Creating prefix script '/home/fiya/ros2_ws/install/local_setup.zsh'
[17.668s] INFO:colcon.colcon_core.shell:Creating prefix chain script '/home/fiya/ros2_ws/install/setup.zsh'
