running egg_info
creating ../../build/scan_subscriber/scan_subscriber.egg-info
writing ../../build/scan_subscriber/scan_subscriber.egg-info/PKG-INFO
writing dependency_links to ../../build/scan_subscriber/scan_subscriber.egg-info/dependency_links.txt
writing requirements to ../../build/scan_subscriber/scan_subscriber.egg-info/requires.txt
writing top-level names to ../../build/scan_subscriber/scan_subscriber.egg-info/top_level.txt
writing manifest file '../../build/scan_subscriber/scan_subscriber.egg-info/SOURCES.txt'
reading manifest file '../../build/scan_subscriber/scan_subscriber.egg-info/SOURCES.txt'
writing manifest file '../../build/scan_subscriber/scan_subscriber.egg-info/SOURCES.txt'
running build
running build_py
creating /home/fiya/ros2_ws/build/scan_subscriber/build
creating /home/fiya/ros2_ws/build/scan_subscriber/build/lib
creating /home/fiya/ros2_ws/build/scan_subscriber/build/lib/scan_subscriber
copying scan_subscriber/__init__.py -> /home/fiya/ros2_ws/build/scan_subscriber/build/lib/scan_subscriber
running install
running install_lib
creating /home/fiya/ros2_ws/install/scan_subscriber/lib/python3.12/site-packages/scan_subscriber
copying /home/fiya/ros2_ws/build/scan_subscriber/build/lib/scan_subscriber/__init__.py -> /home/fiya/ros2_ws/install/scan_subscriber/lib/python3.12/site-packages/scan_subscriber
byte-compiling /home/fiya/ros2_ws/install/scan_subscriber/lib/python3.12/site-packages/scan_subscriber/__init__.py to __init__.cpython-312.pyc
running install_data
creating /home/fiya/ros2_ws/install/scan_subscriber/share/ament_index
creating /home/fiya/ros2_ws/install/scan_subscriber/share/ament_index/resource_index
creating /home/fiya/ros2_ws/install/scan_subscriber/share/ament_index/resource_index/packages
copying resource/scan_subscriber -> /home/fiya/ros2_ws/install/scan_subscriber/share/ament_index/resource_index/packages
copying package.xml -> /home/fiya/ros2_ws/install/scan_subscriber/share/scan_subscriber
running install_egg_info
Copying ../../build/scan_subscriber/scan_subscriber.egg-info to /home/fiya/ros2_ws/install/scan_subscriber/lib/python3.12/site-packages/scan_subscriber-0.0.0-py3.12.egg-info
running install_scripts
writing list of installed files to '/home/fiya/ros2_ws/build/scan_subscriber/install.log'
