[2.745s] Invoking command in '/home/fiya/ros2_ws/src/scan_subscriber': DEBUGINFOD_URLS=https://debuginfod.ubuntu.com PYTHONPATH=/home/fiya/ros2_ws/build/scan_subscriber/prefix_override:/usr/lib/python3/dist-packages/colcon_core/task/python/colcon_distutils_commands:/home/fiya/ros2_ws/install/scan_subscriber/lib/python3.12/site-packages:${PYTHONPATH} /usr/bin/python3 -W ignore:setup.py install is deprecated -W ignore:easy_install command is deprecated setup.py egg_info --egg-base ../../build/scan_subscriber build --build-base /home/fiya/ros2_ws/build/scan_subscriber/build install --record /home/fiya/ros2_ws/build/scan_subscriber/install.log --single-version-externally-managed install_data
[3.607s] running egg_info
[3.607s] creating ../../build/scan_subscriber/scan_subscriber.egg-info
[3.664s] writing ../../build/scan_subscriber/scan_subscriber.egg-info/PKG-INFO
[3.664s] writing dependency_links to ../../build/scan_subscriber/scan_subscriber.egg-info/dependency_links.txt
[3.664s] writing requirements to ../../build/scan_subscriber/scan_subscriber.egg-info/requires.txt
[3.665s] writing top-level names to ../../build/scan_subscriber/scan_subscriber.egg-info/top_level.txt
[3.665s] writing manifest file '../../build/scan_subscriber/scan_subscriber.egg-info/SOURCES.txt'
[3.776s] reading manifest file '../../build/scan_subscriber/scan_subscriber.egg-info/SOURCES.txt'
[3.777s] writing manifest file '../../build/scan_subscriber/scan_subscriber.egg-info/SOURCES.txt'
[3.777s] running build
[3.777s] running build_py
[3.778s] creating /home/fiya/ros2_ws/build/scan_subscriber/build
[3.778s] creating /home/fiya/ros2_ws/build/scan_subscriber/build/lib
[3.778s] creating /home/fiya/ros2_ws/build/scan_subscriber/build/lib/scan_subscriber
[3.778s] copying scan_subscriber/__init__.py -> /home/fiya/ros2_ws/build/scan_subscriber/build/lib/scan_subscriber
[3.779s] running install
[3.789s] running install_lib
[3.843s] creating /home/fiya/ros2_ws/install/scan_subscriber/lib/python3.12/site-packages/scan_subscriber
[3.844s] copying /home/fiya/ros2_ws/build/scan_subscriber/build/lib/scan_subscriber/__init__.py -> /home/fiya/ros2_ws/install/scan_subscriber/lib/python3.12/site-packages/scan_subscriber
[3.847s] byte-compiling /home/fiya/ros2_ws/install/scan_subscriber/lib/python3.12/site-packages/scan_subscriber/__init__.py to __init__.cpython-312.pyc
[3.847s] running install_data
[3.847s] creating /home/fiya/ros2_ws/install/scan_subscriber/share/ament_index
[3.848s] creating /home/fiya/ros2_ws/install/scan_subscriber/share/ament_index/resource_index
[3.848s] creating /home/fiya/ros2_ws/install/scan_subscriber/share/ament_index/resource_index/packages
[3.848s] copying resource/scan_subscriber -> /home/fiya/ros2_ws/install/scan_subscriber/share/ament_index/resource_index/packages
[3.848s] copying package.xml -> /home/fiya/ros2_ws/install/scan_subscriber/share/scan_subscriber
[3.848s] running install_egg_info
[3.905s] Copying ../../build/scan_subscriber/scan_subscriber.egg-info to /home/fiya/ros2_ws/install/scan_subscriber/lib/python3.12/site-packages/scan_subscriber-0.0.0-py3.12.egg-info
[3.906s] running install_scripts
[4.227s] writing list of installed files to '/home/fiya/ros2_ws/build/scan_subscriber/install.log'
[4.281s] Invoked command in '/home/fiya/ros2_ws/src/scan_subscriber' returned '0': DEBUGINFOD_URLS=https://debuginfod.ubuntu.com PYTHONPATH=/home/fiya/ros2_ws/build/scan_subscriber/prefix_override:/usr/lib/python3/dist-packages/colcon_core/task/python/colcon_distutils_commands:/home/fiya/ros2_ws/install/scan_subscriber/lib/python3.12/site-packages:${PYTHONPATH} /usr/bin/python3 -W ignore:setup.py install is deprecated -W ignore:easy_install command is deprecated setup.py egg_info --egg-base ../../build/scan_subscriber build --build-base /home/fiya/ros2_ws/build/scan_subscriber/build install --record /home/fiya/ros2_ws/build/scan_subscriber/install.log --single-version-externally-managed install_data
