running egg_info
writing ../../build/scan_subscriber/scan_subscriber.egg-info/PKG-INFO
writing dependency_links to ../../build/scan_subscriber/scan_subscriber.egg-info/dependency_links.txt
writing entry points to ../../build/scan_subscriber/scan_subscriber.egg-info/entry_points.txt
writing requirements to ../../build/scan_subscriber/scan_subscriber.egg-info/requires.txt
writing top-level names to ../../build/scan_subscriber/scan_subscriber.egg-info/top_level.txt
reading manifest file '../../build/scan_subscriber/scan_subscriber.egg-info/SOURCES.txt'
writing manifest file '../../build/scan_subscriber/scan_subscriber.egg-info/SOURCES.txt'
running build
running build_py
copying scan_subscriber/scan_listener.py -> /home/fiya/ros2_ws/build/scan_subscriber/build/lib/scan_subscriber
running install
running install_lib
copying /home/fiya/ros2_ws/build/scan_subscriber/build/lib/scan_subscriber/scan_listener.py -> /home/fiya/ros2_ws/install/scan_subscriber/lib/python3.12/site-packages/scan_subscriber
byte-compiling /home/fiya/ros2_ws/install/scan_subscriber/lib/python3.12/site-packages/scan_subscriber/scan_listener.py to scan_listener.cpython-312.pyc
running install_data
  File "/home/fiya/ros2_ws/install/scan_subscriber/lib/python3.12/site-packages/scan_subscriber/scan_listener.py", line 2
    import math import sin
                ^^^^^^
SyntaxError: invalid syntax

running install_egg_info
removing '/home/fiya/ros2_ws/install/scan_subscriber/lib/python3.12/site-packages/scan_subscriber-0.0.0-py3.12.egg-info' (and everything under it)
Copying ../../build/scan_subscriber/scan_subscriber.egg-info to /home/fiya/ros2_ws/install/scan_subscriber/lib/python3.12/site-packages/scan_subscriber-0.0.0-py3.12.egg-info
running install_scripts
Installing scan_listener script to /home/fiya/ros2_ws/install/scan_subscriber/lib/scan_subscriber
writing list of installed files to '/home/fiya/ros2_ws/build/scan_subscriber/install.log'
