[2.982s] Invoking command in '/home/fiya/ros2_ws/src/scan_subscriber': DEBUGINFOD_URLS=https://debuginfod.ubuntu.com PYTHONPATH=/home/fiya/ros2_ws/build/scan_subscriber/prefix_override:/usr/lib/python3/dist-packages/colcon_core/task/python/colcon_distutils_commands:/home/fiya/ros2_ws/install/scan_subscriber/lib/python3.12/site-packages:${PYTHONPATH} /usr/bin/python3 -W ignore:setup.py install is deprecated -W ignore:easy_install command is deprecated setup.py egg_info --egg-base ../../build/scan_subscriber build --build-base /home/fiya/ros2_ws/build/scan_subscriber/build install --record /home/fiya/ros2_ws/build/scan_subscriber/install.log --single-version-externally-managed install_data
[3.864s] running egg_info
[3.920s] writing ../../build/scan_subscriber/scan_subscriber.egg-info/PKG-INFO
[3.925s] writing dependency_links to ../../build/scan_subscriber/scan_subscriber.egg-info/dependency_links.txt
[3.925s] writing entry points to ../../build/scan_subscriber/scan_subscriber.egg-info/entry_points.txt
[3.925s] writing requirements to ../../build/scan_subscriber/scan_subscriber.egg-info/requires.txt
[3.925s] writing top-level names to ../../build/scan_subscriber/scan_subscriber.egg-info/top_level.txt
[4.035s] reading manifest file '../../build/scan_subscriber/scan_subscriber.egg-info/SOURCES.txt'
[4.040s] writing manifest file '../../build/scan_subscriber/scan_subscriber.egg-info/SOURCES.txt'
[4.040s] running build
[4.040s] running build_py
[4.040s] copying scan_subscriber/scan_listener.py -> /home/fiya/ros2_ws/build/scan_subscriber/build/lib/scan_subscriber
[4.041s] running install
[4.053s] running install_lib
[4.105s] copying /home/fiya/ros2_ws/build/scan_subscriber/build/lib/scan_subscriber/scan_listener.py -> /home/fiya/ros2_ws/install/scan_subscriber/lib/python3.12/site-packages/scan_subscriber
[4.108s] byte-compiling /home/fiya/ros2_ws/install/scan_subscriber/lib/python3.12/site-packages/scan_subscriber/scan_listener.py to scan_listener.cpython-312.pyc
[4.109s] running install_data
[4.110s] running install_egg_info
[4.167s] removing '/home/fiya/ros2_ws/install/scan_subscriber/lib/python3.12/site-packages/scan_subscriber-0.0.0-py3.12.egg-info' (and everything under it)
[4.168s] Copying ../../build/scan_subscriber/scan_subscriber.egg-info to /home/fiya/ros2_ws/install/scan_subscriber/lib/python3.12/site-packages/scan_subscriber-0.0.0-py3.12.egg-info
[4.169s] running install_scripts
[4.521s] Installing scan_listener script to /home/fiya/ros2_ws/install/scan_subscriber/lib/scan_subscriber
[4.521s] writing list of installed files to '/home/fiya/ros2_ws/build/scan_subscriber/install.log'
[4.587s] Invoked command in '/home/fiya/ros2_ws/src/scan_subscriber' returned '0': DEBUGINFOD_URLS=https://debuginfod.ubuntu.com PYTHONPATH=/home/fiya/ros2_ws/build/scan_subscriber/prefix_override:/usr/lib/python3/dist-packages/colcon_core/task/python/colcon_distutils_commands:/home/fiya/ros2_ws/install/scan_subscriber/lib/python3.12/site-packages:${PYTHONPATH} /usr/bin/python3 -W ignore:setup.py install is deprecated -W ignore:easy_install command is deprecated setup.py egg_info --egg-base ../../build/scan_subscriber build --build-base /home/fiya/ros2_ws/build/scan_subscriber/build install --record /home/fiya/ros2_ws/build/scan_subscriber/install.log --single-version-externally-managed install_data
