[2.861s] Invoking command in '/home/fiya/ros2_ws/src/scan_subscriber': DEBUGINFOD_URLS=https://debuginfod.ubuntu.com PYTHONPATH=/home/fiya/ros2_ws/build/scan_subscriber/prefix_override:/usr/lib/python3/dist-packages/colcon_core/task/python/colcon_distutils_commands:/home/fiya/ros2_ws/install/scan_subscriber/lib/python3.12/site-packages:${PYTHONPATH} /usr/bin/python3 -W ignore:setup.py install is deprecated -W ignore:easy_install command is deprecated setup.py egg_info --egg-base ../../build/scan_subscriber build --build-base /home/fiya/ros2_ws/build/scan_subscriber/build install --record /home/fiya/ros2_ws/build/scan_subscriber/install.log --single-version-externally-managed install_data
[3.824s] running egg_info
[3.879s] writing ../../build/scan_subscriber/scan_subscriber.egg-info/PKG-INFO
[3.879s] writing dependency_links to ../../build/scan_subscriber/scan_subscriber.egg-info/dependency_links.txt
[3.879s] writing entry points to ../../build/scan_subscriber/scan_subscriber.egg-info/entry_points.txt
[3.880s] writing requirements to ../../build/scan_subscriber/scan_subscriber.egg-info/requires.txt
[3.880s] writing top-level names to ../../build/scan_subscriber/scan_subscriber.egg-info/top_level.txt
[3.992s] reading manifest file '../../build/scan_subscriber/scan_subscriber.egg-info/SOURCES.txt'
[3.993s] writing manifest file '../../build/scan_subscriber/scan_subscriber.egg-info/SOURCES.txt'
[3.994s] running build
[3.994s] running build_py
[3.994s] copying scan_subscriber/scan_listener.py -> /home/fiya/ros2_ws/build/scan_subscriber/build/lib/scan_subscriber
[3.994s] running install
[4.007s] running install_lib
[4.063s] copying /home/fiya/ros2_ws/build/scan_subscriber/build/lib/scan_subscriber/scan_listener.py -> /home/fiya/ros2_ws/install/scan_subscriber/lib/python3.12/site-packages/scan_subscriber
[4.066s] byte-compiling /home/fiya/ros2_ws/install/scan_subscriber/lib/python3.12/site-packages/scan_subscriber/scan_listener.py to scan_listener.cpython-312.pyc
[4.067s] running install_data
[4.067s] running install_egg_info
[4.128s] removing '/home/fiya/ros2_ws/install/scan_subscriber/lib/python3.12/site-packages/scan_subscriber-0.0.0-py3.12.egg-info' (and everything under it)
[4.129s] Copying ../../build/scan_subscriber/scan_subscriber.egg-info to /home/fiya/ros2_ws/install/scan_subscriber/lib/python3.12/site-packages/scan_subscriber-0.0.0-py3.12.egg-info
[4.130s] running install_scripts
[4.491s] Installing scan_listener script to /home/fiya/ros2_ws/install/scan_subscriber/lib/scan_subscriber
[4.491s] writing list of installed files to '/home/fiya/ros2_ws/build/scan_subscriber/install.log'
[4.564s] Invoked command in '/home/fiya/ros2_ws/src/scan_subscriber' returned '0': DEBUGINFOD_URLS=https://debuginfod.ubuntu.com PYTHONPATH=/home/fiya/ros2_ws/build/scan_subscriber/prefix_override:/usr/lib/python3/dist-packages/colcon_core/task/python/colcon_distutils_commands:/home/fiya/ros2_ws/install/scan_subscriber/lib/python3.12/site-packages:${PYTHONPATH} /usr/bin/python3 -W ignore:setup.py install is deprecated -W ignore:easy_install command is deprecated setup.py egg_info --egg-base ../../build/scan_subscriber build --build-base /home/fiya/ros2_ws/build/scan_subscriber/build install --record /home/fiya/ros2_ws/build/scan_subscriber/install.log --single-version-externally-managed install_data
