[0.303s] DEBUG:colcon:Command line arguments: ['/usr/bin/colcon', 'build']
[0.303s] DEBUG:colcon:Parsed command line arguments: Namespace(log_base=None, log_level=None, verb_name='build', build_base='build', install_base='install', merge_install=False, symlink_install=False, test_result_base=None, continue_on_error=False, executor='parallel', parallel_workers=8, event_handlers=None, ignore_user_meta=False, metas=['./colcon.meta'], base_paths=['.'], packages_ignore=None, packages_ignore_regex=None, paths=None, packages_up_to=None, packages_up_to_regex=None, packages_above=None, packages_above_and_dependencies=None, packages_above_depth=None, packages_select_by_dep=None, packages_skip_by_dep=None, packages_skip_up_to=None, packages_select_build_failed=False, packages_skip_build_finished=False, packages_select_test_failures=False, packages_skip_test_passed=False, packages_select=None, packages_skip=None, packages_select_regex=None, packages_skip_regex=None, packages_start=None, packages_end=None, allow_overriding=[], cmake_args=None, cmake_target=None, cmake_target_skip_unavailable=False, cmake_clean_cache=False, cmake_clean_first=False, cmake_force_configure=False, ament_cmake_args=None, catkin_cmake_args=None, catkin_skip_building_tests=False, mixin_files=None, mixin=None, verb_parser=<colcon_mixin.mixin.mixin_argument.MixinArgumentDecorator object at 0x787d1def7c20>, verb_extension=<colcon_core.verb.build.BuildVerb object at 0x787d1de404d0>, main=<bound method BuildVerb.main of <colcon_core.verb.build.BuildVerb object at 0x787d1de404d0>>, mixin_verb=('build',))
[0.398s] Level 1:colcon.colcon_core.package_discovery:discover_packages(colcon_meta) check parameters
[0.398s] Level 1:colcon.colcon_core.package_discovery:discover_packages(recursive) check parameters
[0.398s] Level 1:colcon.colcon_core.package_discovery:discover_packages(ignore) check parameters
[0.398s] Level 1:colcon.colcon_core.package_discovery:discover_packages(path) check parameters
[0.398s] Level 1:colcon.colcon_core.package_discovery:discover_packages(colcon_meta) discover
[0.398s] Level 1:colcon.colcon_core.package_discovery:discover_packages(recursive) discover
[0.398s] INFO:colcon.colcon_core.package_discovery:Crawling recursively for packages in '/home/fiya/ros2_ws'
[0.398s] Level 1:colcon.colcon_core.package_identification:_identify(.) by extensions ['ignore', 'ignore_ament_install']
[0.398s] Level 1:colcon.colcon_core.package_identification:_identify(.) by extension 'ignore'
[0.398s] Level 1:colcon.colcon_core.package_identification:_identify(.) by extension 'ignore_ament_install'
[0.398s] Level 1:colcon.colcon_core.package_identification:_identify(.) by extensions ['colcon_pkg']
[0.398s] Level 1:colcon.colcon_core.package_identification:_identify(.) by extension 'colcon_pkg'
[0.399s] Level 1:colcon.colcon_core.package_identification:_identify(.) by extensions ['colcon_meta']
[0.399s] Level 1:colcon.colcon_core.package_identification:_identify(.) by extension 'colcon_meta'
[0.399s] Level 1:colcon.colcon_core.package_identification:_identify(.) by extensions ['ros']
[0.399s] Level 1:colcon.colcon_core.package_identification:_identify(.) by extension 'ros'
[0.445s] Level 1:colcon.colcon_core.package_identification:_identify(.) by extensions ['cmake', 'python']
[0.445s] Level 1:colcon.colcon_core.package_identification:_identify(.) by extension 'cmake'
[0.446s] Level 1:colcon.colcon_core.package_identification:_identify(.) by extension 'python'
[0.446s] Level 1:colcon.colcon_core.package_identification:_identify(.) by extensions ['python_setup_py']
[0.446s] Level 1:colcon.colcon_core.package_identification:_identify(.) by extension 'python_setup_py'
[0.446s] Level 1:colcon.colcon_core.package_identification:_identify(build) by extensions ['ignore', 'ignore_ament_install']
[0.446s] Level 1:colcon.colcon_core.package_identification:_identify(build) by extension 'ignore'
[0.446s] Level 1:colcon.colcon_core.package_identification:_identify(build) ignored
[0.446s] Level 1:colcon.colcon_core.package_identification:_identify(install) by extensions ['ignore', 'ignore_ament_install']
[0.446s] Level 1:colcon.colcon_core.package_identification:_identify(install) by extension 'ignore'
[0.446s] Level 1:colcon.colcon_core.package_identification:_identify(install) ignored
[0.446s] Level 1:colcon.colcon_core.package_identification:_identify(log) by extensions ['ignore', 'ignore_ament_install']
[0.447s] Level 1:colcon.colcon_core.package_identification:_identify(log) by extension 'ignore'
[0.447s] Level 1:colcon.colcon_core.package_identification:_identify(log) ignored
[0.447s] Level 1:colcon.colcon_core.package_identification:_identify(src) by extensions ['ignore', 'ignore_ament_install']
[0.447s] Level 1:colcon.colcon_core.package_identification:_identify(src) by extension 'ignore'
[0.447s] Level 1:colcon.colcon_core.package_identification:_identify(src) by extension 'ignore_ament_install'
[0.447s] Level 1:colcon.colcon_core.package_identification:_identify(src) by extensions ['colcon_pkg']
[0.447s] Level 1:colcon.colcon_core.package_identification:_identify(src) by extension 'colcon_pkg'
[0.447s] Level 1:colcon.colcon_core.package_identification:_identify(src) by extensions ['colcon_meta']
[0.447s] Level 1:colcon.colcon_core.package_identification:_identify(src) by extension 'colcon_meta'
[0.447s] Level 1:colcon.colcon_core.package_identification:_identify(src) by extensions ['ros']
[0.447s] Level 1:colcon.colcon_core.package_identification:_identify(src) by extension 'ros'
[0.447s] Level 1:colcon.colcon_core.package_identification:_identify(src) by extensions ['cmake', 'python']
[0.447s] Level 1:colcon.colcon_core.package_identification:_identify(src) by extension 'cmake'
[0.447s] Level 1:colcon.colcon_core.package_identification:_identify(src) by extension 'python'
[0.447s] Level 1:colcon.colcon_core.package_identification:_identify(src) by extensions ['python_setup_py']
[0.447s] Level 1:colcon.colcon_core.package_identification:_identify(src) by extension 'python_setup_py'
[0.447s] Level 1:colcon.colcon_core.package_identification:_identify(src/scan_subscriber) by extensions ['ignore', 'ignore_ament_install']
[0.448s] Level 1:colcon.colcon_core.package_identification:_identify(src/scan_subscriber) by extension 'ignore'
[0.448s] Level 1:colcon.colcon_core.package_identification:_identify(src/scan_subscriber) by extension 'ignore_ament_install'
[0.448s] Level 1:colcon.colcon_core.package_identification:_identify(src/scan_subscriber) by extensions ['colcon_pkg']
[0.448s] Level 1:colcon.colcon_core.package_identification:_identify(src/scan_subscriber) by extension 'colcon_pkg'
[0.448s] Level 1:colcon.colcon_core.package_identification:_identify(src/scan_subscriber) by extensions ['colcon_meta']
[0.448s] Level 1:colcon.colcon_core.package_identification:_identify(src/scan_subscriber) by extension 'colcon_meta'
[0.448s] Level 1:colcon.colcon_core.package_identification:_identify(src/scan_subscriber) by extensions ['ros']
[0.448s] Level 1:colcon.colcon_core.package_identification:_identify(src/scan_subscriber) by extension 'ros'
[0.451s] DEBUG:colcon.colcon_core.package_identification:Package 'src/scan_subscriber' with type 'ros.ament_python' and name 'scan_subscriber'
[0.452s] Level 1:colcon.colcon_core.package_identification:_identify(src/sllidar_ros2) by extensions ['ignore', 'ignore_ament_install']
[0.452s] Level 1:colcon.colcon_core.package_identification:_identify(src/sllidar_ros2) by extension 'ignore'
[0.452s] Level 1:colcon.colcon_core.package_identification:_identify(src/sllidar_ros2) by extension 'ignore_ament_install'
[0.452s] Level 1:colcon.colcon_core.package_identification:_identify(src/sllidar_ros2) by extensions ['colcon_pkg']
[0.452s] Level 1:colcon.colcon_core.package_identification:_identify(src/sllidar_ros2) by extension 'colcon_pkg'
[0.452s] Level 1:colcon.colcon_core.package_identification:_identify(src/sllidar_ros2) by extensions ['colcon_meta']
[0.452s] Level 1:colcon.colcon_core.package_identification:_identify(src/sllidar_ros2) by extension 'colcon_meta'
[0.452s] Level 1:colcon.colcon_core.package_identification:_identify(src/sllidar_ros2) by extensions ['ros']
[0.452s] Level 1:colcon.colcon_core.package_identification:_identify(src/sllidar_ros2) by extension 'ros'
[0.453s] DEBUG:colcon.colcon_core.package_identification:Package 'src/sllidar_ros2' with type 'ros.ament_cmake' and name 'sllidar_ros2'
[0.453s] Level 1:colcon.colcon_core.package_discovery:discover_packages(recursive) using defaults
[0.453s] Level 1:colcon.colcon_core.package_discovery:discover_packages(ignore) discover
[0.453s] Level 1:colcon.colcon_core.package_discovery:discover_packages(ignore) using defaults
[0.453s] Level 1:colcon.colcon_core.package_discovery:discover_packages(path) discover
[0.453s] Level 1:colcon.colcon_core.package_discovery:discover_packages(path) using defaults
[0.505s] Level 1:colcon.colcon_core.package_discovery:discover_packages(prefix_path) check parameters
[0.505s] Level 1:colcon.colcon_core.package_discovery:discover_packages(prefix_path) discover
[0.524s] DEBUG:colcon.colcon_installed_package_information.package_discovery:Found 2 installed packages in /home/fiya/ros2_ws/install
[0.539s] DEBUG:colcon.colcon_installed_package_information.package_discovery:Found 365 installed packages in /home/fiya/ros2_jazzy/install
[0.559s] Level 1:colcon.colcon_core.package_discovery:discover_packages(prefix_path) using defaults
[0.670s] Level 5:colcon.colcon_core.verb:set package 'scan_subscriber' build argument 'cmake_args' from command line to 'None'
[0.670s] Level 5:colcon.colcon_core.verb:set package 'scan_subscriber' build argument 'cmake_target' from command line to 'None'
[0.670s] Level 5:colcon.colcon_core.verb:set package 'scan_subscriber' build argument 'cmake_target_skip_unavailable' from command line to 'False'
[0.670s] Level 5:colcon.colcon_core.verb:set package 'scan_subscriber' build argument 'cmake_clean_cache' from command line to 'False'
[0.670s] Level 5:colcon.colcon_core.verb:set package 'scan_subscriber' build argument 'cmake_clean_first' from command line to 'False'
[0.670s] Level 5:colcon.colcon_core.verb:set package 'scan_subscriber' build argument 'cmake_force_configure' from command line to 'False'
[0.670s] Level 5:colcon.colcon_core.verb:set package 'scan_subscriber' build argument 'ament_cmake_args' from command line to 'None'
[0.670s] Level 5:colcon.colcon_core.verb:set package 'scan_subscriber' build argument 'catkin_cmake_args' from command line to 'None'
[0.670s] Level 5:colcon.colcon_core.verb:set package 'scan_subscriber' build argument 'catkin_skip_building_tests' from command line to 'False'
[0.670s] DEBUG:colcon.colcon_core.verb:Building package 'scan_subscriber' with the following arguments: {'ament_cmake_args': None, 'build_base': '/home/fiya/ros2_ws/build/scan_subscriber', 'catkin_cmake_args': None, 'catkin_skip_building_tests': False, 'cmake_args': None, 'cmake_clean_cache': False, 'cmake_clean_first': False, 'cmake_force_configure': False, 'cmake_target': None, 'cmake_target_skip_unavailable': False, 'install_base': '/home/fiya/ros2_ws/install/scan_subscriber', 'merge_install': False, 'path': '/home/fiya/ros2_ws/src/scan_subscriber', 'symlink_install': False, 'test_result_base': None}
[0.671s] Level 5:colcon.colcon_core.verb:set package 'sllidar_ros2' build argument 'cmake_args' from command line to 'None'
[0.671s] Level 5:colcon.colcon_core.verb:set package 'sllidar_ros2' build argument 'cmake_target' from command line to 'None'
[0.671s] Level 5:colcon.colcon_core.verb:set package 'sllidar_ros2' build argument 'cmake_target_skip_unavailable' from command line to 'False'
[0.671s] Level 5:colcon.colcon_core.verb:set package 'sllidar_ros2' build argument 'cmake_clean_cache' from command line to 'False'
[0.671s] Level 5:colcon.colcon_core.verb:set package 'sllidar_ros2' build argument 'cmake_clean_first' from command line to 'False'
[0.671s] Level 5:colcon.colcon_core.verb:set package 'sllidar_ros2' build argument 'cmake_force_configure' from command line to 'False'
[0.671s] Level 5:colcon.colcon_core.verb:set package 'sllidar_ros2' build argument 'ament_cmake_args' from command line to 'None'
[0.671s] Level 5:colcon.colcon_core.verb:set package 'sllidar_ros2' build argument 'catkin_cmake_args' from command line to 'None'
[0.671s] Level 5:colcon.colcon_core.verb:set package 'sllidar_ros2' build argument 'catkin_skip_building_tests' from command line to 'False'
[0.671s] DEBUG:colcon.colcon_core.verb:Building package 'sllidar_ros2' with the following arguments: {'ament_cmake_args': None, 'build_base': '/home/fiya/ros2_ws/build/sllidar_ros2', 'catkin_cmake_args': None, 'catkin_skip_building_tests': False, 'cmake_args': None, 'cmake_clean_cache': False, 'cmake_clean_first': False, 'cmake_force_configure': False, 'cmake_target': None, 'cmake_target_skip_unavailable': False, 'install_base': '/home/fiya/ros2_ws/install/sllidar_ros2', 'merge_install': False, 'path': '/home/fiya/ros2_ws/src/sllidar_ros2', 'symlink_install': False, 'test_result_base': None}
[0.671s] INFO:colcon.colcon_core.executor:Executing jobs using 'parallel' executor
[0.672s] DEBUG:colcon.colcon_parallel_executor.executor.parallel:run_until_complete
[0.672s] INFO:colcon.colcon_ros.task.ament_python.build:Building ROS package in '/home/fiya/ros2_ws/src/scan_subscriber' with build type 'ament_python'
[0.673s] Level 1:colcon.colcon_core.shell:create_environment_hook('scan_subscriber', 'ament_prefix_path')
[0.683s] INFO:colcon.colcon_core.plugin_system:Skipping extension 'colcon_core.shell.bat': Not used on non-Windows systems
[0.683s] INFO:colcon.colcon_core.shell:Creating environment hook '/home/fiya/ros2_ws/install/scan_subscriber/share/scan_subscriber/hook/ament_prefix_path.ps1'
[0.684s] INFO:colcon.colcon_core.shell:Creating environment descriptor '/home/fiya/ros2_ws/install/scan_subscriber/share/scan_subscriber/hook/ament_prefix_path.dsv'
[0.685s] INFO:colcon.colcon_core.shell:Creating environment hook '/home/fiya/ros2_ws/install/scan_subscriber/share/scan_subscriber/hook/ament_prefix_path.sh'
[0.686s] INFO:colcon.colcon_core.shell:Skip shell extension 'powershell' for command environment: Not usable outside of PowerShell
[0.687s] DEBUG:colcon.colcon_core.shell:Skip shell extension 'dsv' for command environment
[0.723s] INFO:colcon.colcon_ros.task.ament_cmake.build:Building ROS package in '/home/fiya/ros2_ws/src/sllidar_ros2' with build type 'ament_cmake'
[0.723s] INFO:colcon.colcon_cmake.task.cmake.build:Building CMake package in '/home/fiya/ros2_ws/src/sllidar_ros2'
[0.723s] INFO:colcon.colcon_core.shell:Skip shell extension 'powershell' for command environment: Not usable outside of PowerShell
[0.723s] DEBUG:colcon.colcon_core.shell:Skip shell extension 'dsv' for command environment
[1.451s] INFO:colcon.colcon_core.task.python.build:Building Python package in '/home/fiya/ros2_ws/src/scan_subscriber'
[1.452s] INFO:colcon.colcon_core.shell:Skip shell extension 'powershell' for command environment: Not usable outside of PowerShell
[1.452s] DEBUG:colcon.colcon_core.shell:Skip shell extension 'dsv' for command environment
[1.496s] DEBUG:colcon.colcon_core.event_handler.log_command:Invoking command in '/home/fiya/ros2_ws/build/sllidar_ros2': CMAKE_PREFIX_PATH=${CMAKE_PREFIX_PATH}:/home/fiya/ros2_ws/install/scan_subscriber:/home/fiya/ros2_jazzy/install/rqt_bag_plugins:/home/fiya/ros2_jazzy/install/launch_testing_examples:/home/fiya/ros2_jazzy/install/ros2bag:/home/fiya/ros2_jazzy/install/rqt_bag:/home/fiya/ros2_jazzy/install/rosbag2_examples_py:/home/fiya/ros2_jazzy/install/tracetools_test:/home/fiya/ros2_jazzy/install/tracetools_launch:/home/fiya/ros2_jazzy/install/topic_monitor:/home/fiya/ros2_jazzy/install/tf2_tools:/home/fiya/ros2_jazzy/install/examples_tf2_py:/home/fiya/ros2_jazzy/install/tf2_ros_py:/home/fiya/ros2_jazzy/install/examples_rclpy_pointcloud_publisher:/home/fiya/ros2_jazzy/install/sensor_msgs_py:/home/fiya/ros2_jazzy/install/quality_of_service_demo_py:/home/fiya/ros2_jazzy/install/camera_info_manager_py:/home/fiya/ros2_jazzy/install/rqt_plot:/home/fiya/ros2_jazzy/install/ros2doctor:/home/fiya/ros2_jazzy/install/lifecycle_py:/home/fiya/ros2_jazzy/install/examples_rclpy_minimal_subscriber:/home/fiya/ros2_jazzy/install/examples_rclpy_minimal_service:/home/fiya/ros2_jazzy/install/examples_rclpy_minimal_publisher:/home/fiya/ros2_jazzy/install/examples_rclpy_minimal_client:/home/fiya/ros2_jazzy/install/examples_rclpy_executors:/home/fiya/ros2_jazzy/install/demo_nodes_py:/home/fiya/ros2_jazzy/install/rqt:/home/fiya/ros2_jazzy/install/ros2component:/home/fiya/ros2_jazzy/install/sros2:/home/fiya/ros2_jazzy/install/rqt_topic:/home/fiya/ros2_jazzy/install/rqt_srv:/home/fiya/ros2_jazzy/install/rqt_shell:/home/fiya/ros2_jazzy/install/rqt_service_caller:/home/fiya/ros2_jazzy/install/rqt_reconfigure:/home/fiya/ros2_jazzy/install/rqt_py_console:/home/fiya/ros2_jazzy/install/rqt_publisher:/home/fiya/ros2_jazzy/install/rqt_action:/home/fiya/ros2_jazzy/install/rqt_msg:/home/fiya/ros2_jazzy/install/rqt_console:/home/fiya/ros2_jazzy/install/rqt_graph:/home/fiya/ros2_jazzy/install/rqt_gui_py:/home/fiya/ros2_jazzy/install/rqt_gui:/home/fiya/ros2_jazzy/install/ros2trace:/home/fiya/ros2_jazzy/install/ros2param:/home/fiya/ros2_jazzy/install/ros2lifecycle:/home/fiya/ros2_jazzy/install/ros2service:/home/fiya/ros2_jazzy/install/ros2topic:/home/fiya/ros2_jazzy/install/ros2test:/home/fiya/ros2_jazzy/install/ros2run:/home/fiya/ros2_jazzy/install/ros2plugin:/home/fiya/ros2_jazzy/install/ros2launch:/home/fiya/ros2_jazzy/install/ros2pkg:/home/fiya/ros2_jazzy/install/ros2node:/home/fiya/ros2_jazzy/install/ros2multicast:/home/fiya/ros2_jazzy/install/ros2interface:/home/fiya/ros2_jazzy/install/ros2action:/home/fiya/ros2_jazzy/install/ros2cli:/home/fiya/ros2_jazzy/install/launch_testing_ros:/home/fiya/ros2_jazzy/install/launch_ros:/home/fiya/ros2_jazzy/install/examples_rclpy_minimal_action_server:/home/fiya/ros2_jazzy/install/examples_rclpy_minimal_action_client:/home/fiya/ros2_jazzy/install/examples_rclpy_guard_conditions:/home/fiya/ros2_jazzy/install/action_tutorials_py:/home/fiya/ros2_jazzy/install/ament_uncrustify:/home/fiya/ros2_jazzy/install/tracetools_trace:/home/fiya/ros2_jazzy/install/tracetools_read:/home/fiya/ros2_jazzy/install/test_tracetools_launch:/home/fiya/ros2_jazzy/install/test_ros2trace:/home/fiya/ros2_jazzy/install/test_launch_ros:/home/fiya/ros2_jazzy/install/rpyutils:/home/fiya/ros2_jazzy/install/rosidl_runtime_py:/home/fiya/ros2_jazzy/install/rosidl_pycommon:/home/fiya/ros2_jazzy/install/rosidl_cli:/home/fiya/ros2_jazzy/install/launch_pytest:/home/fiya/ros2_jazzy/install/launch_testing:/home/fiya/ros2_jazzy/install/launch_yaml:/home/fiya/ros2_jazzy/install/launch_xml:/home/fiya/ros2_jazzy/install/launch:/home/fiya/ros2_jazzy/install/osrf_pycommon:/home/fiya/ros2_jazzy/install/domain_coordinator:/home/fiya/ros2_jazzy/install/ament_xmllint:/home/fiya/ros2_jazzy/install/ament_pyflakes:/home/fiya/ros2_jazzy/install/ament_pycodestyle:/home/fiya/ros2_jazzy/install/ament_pep257:/home/fiya/ros2_jazzy/install/ament_pclint:/home/fiya/ros2_jazzy/install/ament_package:/home/fiya/ros2_jazzy/install/ament_mypy:/home/fiya/ros2_jazzy/install/ament_lint_cmake:/home/fiya/ros2_jazzy/install/ament_flake8:/home/fiya/ros2_jazzy/install/ament_copyright:/home/fiya/ros2_jazzy/install/ament_lint:/home/fiya/ros2_jazzy/install/ament_index_python:/home/fiya/ros2_jazzy/install/ament_cpplint:/home/fiya/ros2_jazzy/install/ament_cppcheck:/home/fiya/ros2_jazzy/install/ament_clang_tidy:/home/fiya/ros2_jazzy/install/ament_clang_format DEBUGINFOD_URLS=https://debuginfod.ubuntu.com /usr/bin/cmake --build /home/fiya/ros2_ws/build/sllidar_ros2 -- -j8 -l8
[1.833s] DEBUG:colcon.colcon_core.event_handler.log_command:Invoked command in '/home/fiya/ros2_ws/build/sllidar_ros2' returned '0': CMAKE_PREFIX_PATH=${CMAKE_PREFIX_PATH}:/home/fiya/ros2_ws/install/scan_subscriber:/home/fiya/ros2_jazzy/install/rqt_bag_plugins:/home/fiya/ros2_jazzy/install/launch_testing_examples:/home/fiya/ros2_jazzy/install/ros2bag:/home/fiya/ros2_jazzy/install/rqt_bag:/home/fiya/ros2_jazzy/install/rosbag2_examples_py:/home/fiya/ros2_jazzy/install/tracetools_test:/home/fiya/ros2_jazzy/install/tracetools_launch:/home/fiya/ros2_jazzy/install/topic_monitor:/home/fiya/ros2_jazzy/install/tf2_tools:/home/fiya/ros2_jazzy/install/examples_tf2_py:/home/fiya/ros2_jazzy/install/tf2_ros_py:/home/fiya/ros2_jazzy/install/examples_rclpy_pointcloud_publisher:/home/fiya/ros2_jazzy/install/sensor_msgs_py:/home/fiya/ros2_jazzy/install/quality_of_service_demo_py:/home/fiya/ros2_jazzy/install/camera_info_manager_py:/home/fiya/ros2_jazzy/install/rqt_plot:/home/fiya/ros2_jazzy/install/ros2doctor:/home/fiya/ros2_jazzy/install/lifecycle_py:/home/fiya/ros2_jazzy/install/examples_rclpy_minimal_subscriber:/home/fiya/ros2_jazzy/install/examples_rclpy_minimal_service:/home/fiya/ros2_jazzy/install/examples_rclpy_minimal_publisher:/home/fiya/ros2_jazzy/install/examples_rclpy_minimal_client:/home/fiya/ros2_jazzy/install/examples_rclpy_executors:/home/fiya/ros2_jazzy/install/demo_nodes_py:/home/fiya/ros2_jazzy/install/rqt:/home/fiya/ros2_jazzy/install/ros2component:/home/fiya/ros2_jazzy/install/sros2:/home/fiya/ros2_jazzy/install/rqt_topic:/home/fiya/ros2_jazzy/install/rqt_srv:/home/fiya/ros2_jazzy/install/rqt_shell:/home/fiya/ros2_jazzy/install/rqt_service_caller:/home/fiya/ros2_jazzy/install/rqt_reconfigure:/home/fiya/ros2_jazzy/install/rqt_py_console:/home/fiya/ros2_jazzy/install/rqt_publisher:/home/fiya/ros2_jazzy/install/rqt_action:/home/fiya/ros2_jazzy/install/rqt_msg:/home/fiya/ros2_jazzy/install/rqt_console:/home/fiya/ros2_jazzy/install/rqt_graph:/home/fiya/ros2_jazzy/install/rqt_gui_py:/home/fiya/ros2_jazzy/install/rqt_gui:/home/fiya/ros2_jazzy/install/ros2trace:/home/fiya/ros2_jazzy/install/ros2param:/home/fiya/ros2_jazzy/install/ros2lifecycle:/home/fiya/ros2_jazzy/install/ros2service:/home/fiya/ros2_jazzy/install/ros2topic:/home/fiya/ros2_jazzy/install/ros2test:/home/fiya/ros2_jazzy/install/ros2run:/home/fiya/ros2_jazzy/install/ros2plugin:/home/fiya/ros2_jazzy/install/ros2launch:/home/fiya/ros2_jazzy/install/ros2pkg:/home/fiya/ros2_jazzy/install/ros2node:/home/fiya/ros2_jazzy/install/ros2multicast:/home/fiya/ros2_jazzy/install/ros2interface:/home/fiya/ros2_jazzy/install/ros2action:/home/fiya/ros2_jazzy/install/ros2cli:/home/fiya/ros2_jazzy/install/launch_testing_ros:/home/fiya/ros2_jazzy/install/launch_ros:/home/fiya/ros2_jazzy/install/examples_rclpy_minimal_action_server:/home/fiya/ros2_jazzy/install/examples_rclpy_minimal_action_client:/home/fiya/ros2_jazzy/install/examples_rclpy_guard_conditions:/home/fiya/ros2_jazzy/install/action_tutorials_py:/home/fiya/ros2_jazzy/install/ament_uncrustify:/home/fiya/ros2_jazzy/install/tracetools_trace:/home/fiya/ros2_jazzy/install/tracetools_read:/home/fiya/ros2_jazzy/install/test_tracetools_launch:/home/fiya/ros2_jazzy/install/test_ros2trace:/home/fiya/ros2_jazzy/install/test_launch_ros:/home/fiya/ros2_jazzy/install/rpyutils:/home/fiya/ros2_jazzy/install/rosidl_runtime_py:/home/fiya/ros2_jazzy/install/rosidl_pycommon:/home/fiya/ros2_jazzy/install/rosidl_cli:/home/fiya/ros2_jazzy/install/launch_pytest:/home/fiya/ros2_jazzy/install/launch_testing:/home/fiya/ros2_jazzy/install/launch_yaml:/home/fiya/ros2_jazzy/install/launch_xml:/home/fiya/ros2_jazzy/install/launch:/home/fiya/ros2_jazzy/install/osrf_pycommon:/home/fiya/ros2_jazzy/install/domain_coordinator:/home/fiya/ros2_jazzy/install/ament_xmllint:/home/fiya/ros2_jazzy/install/ament_pyflakes:/home/fiya/ros2_jazzy/install/ament_pycodestyle:/home/fiya/ros2_jazzy/install/ament_pep257:/home/fiya/ros2_jazzy/install/ament_pclint:/home/fiya/ros2_jazzy/install/ament_package:/home/fiya/ros2_jazzy/install/ament_mypy:/home/fiya/ros2_jazzy/install/ament_lint_cmake:/home/fiya/ros2_jazzy/install/ament_flake8:/home/fiya/ros2_jazzy/install/ament_copyright:/home/fiya/ros2_jazzy/install/ament_lint:/home/fiya/ros2_jazzy/install/ament_index_python:/home/fiya/ros2_jazzy/install/ament_cpplint:/home/fiya/ros2_jazzy/install/ament_cppcheck:/home/fiya/ros2_jazzy/install/ament_clang_tidy:/home/fiya/ros2_jazzy/install/ament_clang_format DEBUGINFOD_URLS=https://debuginfod.ubuntu.com /usr/bin/cmake --build /home/fiya/ros2_ws/build/sllidar_ros2 -- -j8 -l8
[1.867s] DEBUG:colcon.colcon_core.event_handler.log_command:Invoking command in '/home/fiya/ros2_ws/build/sllidar_ros2': CMAKE_PREFIX_PATH=${CMAKE_PREFIX_PATH}:/home/fiya/ros2_ws/install/scan_subscriber:/home/fiya/ros2_jazzy/install/rqt_bag_plugins:/home/fiya/ros2_jazzy/install/launch_testing_examples:/home/fiya/ros2_jazzy/install/ros2bag:/home/fiya/ros2_jazzy/install/rqt_bag:/home/fiya/ros2_jazzy/install/rosbag2_examples_py:/home/fiya/ros2_jazzy/install/tracetools_test:/home/fiya/ros2_jazzy/install/tracetools_launch:/home/fiya/ros2_jazzy/install/topic_monitor:/home/fiya/ros2_jazzy/install/tf2_tools:/home/fiya/ros2_jazzy/install/examples_tf2_py:/home/fiya/ros2_jazzy/install/tf2_ros_py:/home/fiya/ros2_jazzy/install/examples_rclpy_pointcloud_publisher:/home/fiya/ros2_jazzy/install/sensor_msgs_py:/home/fiya/ros2_jazzy/install/quality_of_service_demo_py:/home/fiya/ros2_jazzy/install/camera_info_manager_py:/home/fiya/ros2_jazzy/install/rqt_plot:/home/fiya/ros2_jazzy/install/ros2doctor:/home/fiya/ros2_jazzy/install/lifecycle_py:/home/fiya/ros2_jazzy/install/examples_rclpy_minimal_subscriber:/home/fiya/ros2_jazzy/install/examples_rclpy_minimal_service:/home/fiya/ros2_jazzy/install/examples_rclpy_minimal_publisher:/home/fiya/ros2_jazzy/install/examples_rclpy_minimal_client:/home/fiya/ros2_jazzy/install/examples_rclpy_executors:/home/fiya/ros2_jazzy/install/demo_nodes_py:/home/fiya/ros2_jazzy/install/rqt:/home/fiya/ros2_jazzy/install/ros2component:/home/fiya/ros2_jazzy/install/sros2:/home/fiya/ros2_jazzy/install/rqt_topic:/home/fiya/ros2_jazzy/install/rqt_srv:/home/fiya/ros2_jazzy/install/rqt_shell:/home/fiya/ros2_jazzy/install/rqt_service_caller:/home/fiya/ros2_jazzy/install/rqt_reconfigure:/home/fiya/ros2_jazzy/install/rqt_py_console:/home/fiya/ros2_jazzy/install/rqt_publisher:/home/fiya/ros2_jazzy/install/rqt_action:/home/fiya/ros2_jazzy/install/rqt_msg:/home/fiya/ros2_jazzy/install/rqt_console:/home/fiya/ros2_jazzy/install/rqt_graph:/home/fiya/ros2_jazzy/install/rqt_gui_py:/home/fiya/ros2_jazzy/install/rqt_gui:/home/fiya/ros2_jazzy/install/ros2trace:/home/fiya/ros2_jazzy/install/ros2param:/home/fiya/ros2_jazzy/install/ros2lifecycle:/home/fiya/ros2_jazzy/install/ros2service:/home/fiya/ros2_jazzy/install/ros2topic:/home/fiya/ros2_jazzy/install/ros2test:/home/fiya/ros2_jazzy/install/ros2run:/home/fiya/ros2_jazzy/install/ros2plugin:/home/fiya/ros2_jazzy/install/ros2launch:/home/fiya/ros2_jazzy/install/ros2pkg:/home/fiya/ros2_jazzy/install/ros2node:/home/fiya/ros2_jazzy/install/ros2multicast:/home/fiya/ros2_jazzy/install/ros2interface:/home/fiya/ros2_jazzy/install/ros2action:/home/fiya/ros2_jazzy/install/ros2cli:/home/fiya/ros2_jazzy/install/launch_testing_ros:/home/fiya/ros2_jazzy/install/launch_ros:/home/fiya/ros2_jazzy/install/examples_rclpy_minimal_action_server:/home/fiya/ros2_jazzy/install/examples_rclpy_minimal_action_client:/home/fiya/ros2_jazzy/install/examples_rclpy_guard_conditions:/home/fiya/ros2_jazzy/install/action_tutorials_py:/home/fiya/ros2_jazzy/install/ament_uncrustify:/home/fiya/ros2_jazzy/install/tracetools_trace:/home/fiya/ros2_jazzy/install/tracetools_read:/home/fiya/ros2_jazzy/install/test_tracetools_launch:/home/fiya/ros2_jazzy/install/test_ros2trace:/home/fiya/ros2_jazzy/install/test_launch_ros:/home/fiya/ros2_jazzy/install/rpyutils:/home/fiya/ros2_jazzy/install/rosidl_runtime_py:/home/fiya/ros2_jazzy/install/rosidl_pycommon:/home/fiya/ros2_jazzy/install/rosidl_cli:/home/fiya/ros2_jazzy/install/launch_pytest:/home/fiya/ros2_jazzy/install/launch_testing:/home/fiya/ros2_jazzy/install/launch_yaml:/home/fiya/ros2_jazzy/install/launch_xml:/home/fiya/ros2_jazzy/install/launch:/home/fiya/ros2_jazzy/install/osrf_pycommon:/home/fiya/ros2_jazzy/install/domain_coordinator:/home/fiya/ros2_jazzy/install/ament_xmllint:/home/fiya/ros2_jazzy/install/ament_pyflakes:/home/fiya/ros2_jazzy/install/ament_pycodestyle:/home/fiya/ros2_jazzy/install/ament_pep257:/home/fiya/ros2_jazzy/install/ament_pclint:/home/fiya/ros2_jazzy/install/ament_package:/home/fiya/ros2_jazzy/install/ament_mypy:/home/fiya/ros2_jazzy/install/ament_lint_cmake:/home/fiya/ros2_jazzy/install/ament_flake8:/home/fiya/ros2_jazzy/install/ament_copyright:/home/fiya/ros2_jazzy/install/ament_lint:/home/fiya/ros2_jazzy/install/ament_index_python:/home/fiya/ros2_jazzy/install/ament_cpplint:/home/fiya/ros2_jazzy/install/ament_cppcheck:/home/fiya/ros2_jazzy/install/ament_clang_tidy:/home/fiya/ros2_jazzy/install/ament_clang_format DEBUGINFOD_URLS=https://debuginfod.ubuntu.com /usr/bin/cmake --install /home/fiya/ros2_ws/build/sllidar_ros2
[1.938s] Level 1:colcon.colcon_core.environment:create_environment_scripts_only(sllidar_ros2)
[1.939s] DEBUG:colcon.colcon_core.event_handler.log_command:Invoked command in '/home/fiya/ros2_ws/build/sllidar_ros2' returned '0': CMAKE_PREFIX_PATH=${CMAKE_PREFIX_PATH}:/home/fiya/ros2_ws/install/scan_subscriber:/home/fiya/ros2_jazzy/install/rqt_bag_plugins:/home/fiya/ros2_jazzy/install/launch_testing_examples:/home/fiya/ros2_jazzy/install/ros2bag:/home/fiya/ros2_jazzy/install/rqt_bag:/home/fiya/ros2_jazzy/install/rosbag2_examples_py:/home/fiya/ros2_jazzy/install/tracetools_test:/home/fiya/ros2_jazzy/install/tracetools_launch:/home/fiya/ros2_jazzy/install/topic_monitor:/home/fiya/ros2_jazzy/install/tf2_tools:/home/fiya/ros2_jazzy/install/examples_tf2_py:/home/fiya/ros2_jazzy/install/tf2_ros_py:/home/fiya/ros2_jazzy/install/examples_rclpy_pointcloud_publisher:/home/fiya/ros2_jazzy/install/sensor_msgs_py:/home/fiya/ros2_jazzy/install/quality_of_service_demo_py:/home/fiya/ros2_jazzy/install/camera_info_manager_py:/home/fiya/ros2_jazzy/install/rqt_plot:/home/fiya/ros2_jazzy/install/ros2doctor:/home/fiya/ros2_jazzy/install/lifecycle_py:/home/fiya/ros2_jazzy/install/examples_rclpy_minimal_subscriber:/home/fiya/ros2_jazzy/install/examples_rclpy_minimal_service:/home/fiya/ros2_jazzy/install/examples_rclpy_minimal_publisher:/home/fiya/ros2_jazzy/install/examples_rclpy_minimal_client:/home/fiya/ros2_jazzy/install/examples_rclpy_executors:/home/fiya/ros2_jazzy/install/demo_nodes_py:/home/fiya/ros2_jazzy/install/rqt:/home/fiya/ros2_jazzy/install/ros2component:/home/fiya/ros2_jazzy/install/sros2:/home/fiya/ros2_jazzy/install/rqt_topic:/home/fiya/ros2_jazzy/install/rqt_srv:/home/fiya/ros2_jazzy/install/rqt_shell:/home/fiya/ros2_jazzy/install/rqt_service_caller:/home/fiya/ros2_jazzy/install/rqt_reconfigure:/home/fiya/ros2_jazzy/install/rqt_py_console:/home/fiya/ros2_jazzy/install/rqt_publisher:/home/fiya/ros2_jazzy/install/rqt_action:/home/fiya/ros2_jazzy/install/rqt_msg:/home/fiya/ros2_jazzy/install/rqt_console:/home/fiya/ros2_jazzy/install/rqt_graph:/home/fiya/ros2_jazzy/install/rqt_gui_py:/home/fiya/ros2_jazzy/install/rqt_gui:/home/fiya/ros2_jazzy/install/ros2trace:/home/fiya/ros2_jazzy/install/ros2param:/home/fiya/ros2_jazzy/install/ros2lifecycle:/home/fiya/ros2_jazzy/install/ros2service:/home/fiya/ros2_jazzy/install/ros2topic:/home/fiya/ros2_jazzy/install/ros2test:/home/fiya/ros2_jazzy/install/ros2run:/home/fiya/ros2_jazzy/install/ros2plugin:/home/fiya/ros2_jazzy/install/ros2launch:/home/fiya/ros2_jazzy/install/ros2pkg:/home/fiya/ros2_jazzy/install/ros2node:/home/fiya/ros2_jazzy/install/ros2multicast:/home/fiya/ros2_jazzy/install/ros2interface:/home/fiya/ros2_jazzy/install/ros2action:/home/fiya/ros2_jazzy/install/ros2cli:/home/fiya/ros2_jazzy/install/launch_testing_ros:/home/fiya/ros2_jazzy/install/launch_ros:/home/fiya/ros2_jazzy/install/examples_rclpy_minimal_action_server:/home/fiya/ros2_jazzy/install/examples_rclpy_minimal_action_client:/home/fiya/ros2_jazzy/install/examples_rclpy_guard_conditions:/home/fiya/ros2_jazzy/install/action_tutorials_py:/home/fiya/ros2_jazzy/install/ament_uncrustify:/home/fiya/ros2_jazzy/install/tracetools_trace:/home/fiya/ros2_jazzy/install/tracetools_read:/home/fiya/ros2_jazzy/install/test_tracetools_launch:/home/fiya/ros2_jazzy/install/test_ros2trace:/home/fiya/ros2_jazzy/install/test_launch_ros:/home/fiya/ros2_jazzy/install/rpyutils:/home/fiya/ros2_jazzy/install/rosidl_runtime_py:/home/fiya/ros2_jazzy/install/rosidl_pycommon:/home/fiya/ros2_jazzy/install/rosidl_cli:/home/fiya/ros2_jazzy/install/launch_pytest:/home/fiya/ros2_jazzy/install/launch_testing:/home/fiya/ros2_jazzy/install/launch_yaml:/home/fiya/ros2_jazzy/install/launch_xml:/home/fiya/ros2_jazzy/install/launch:/home/fiya/ros2_jazzy/install/osrf_pycommon:/home/fiya/ros2_jazzy/install/domain_coordinator:/home/fiya/ros2_jazzy/install/ament_xmllint:/home/fiya/ros2_jazzy/install/ament_pyflakes:/home/fiya/ros2_jazzy/install/ament_pycodestyle:/home/fiya/ros2_jazzy/install/ament_pep257:/home/fiya/ros2_jazzy/install/ament_pclint:/home/fiya/ros2_jazzy/install/ament_package:/home/fiya/ros2_jazzy/install/ament_mypy:/home/fiya/ros2_jazzy/install/ament_lint_cmake:/home/fiya/ros2_jazzy/install/ament_flake8:/home/fiya/ros2_jazzy/install/ament_copyright:/home/fiya/ros2_jazzy/install/ament_lint:/home/fiya/ros2_jazzy/install/ament_index_python:/home/fiya/ros2_jazzy/install/ament_cpplint:/home/fiya/ros2_jazzy/install/ament_cppcheck:/home/fiya/ros2_jazzy/install/ament_clang_tidy:/home/fiya/ros2_jazzy/install/ament_clang_format DEBUGINFOD_URLS=https://debuginfod.ubuntu.com /usr/bin/cmake --install /home/fiya/ros2_ws/build/sllidar_ros2
[1.954s] Level 1:colcon.colcon_core.environment:checking '/home/fiya/ros2_ws/install/sllidar_ros2' for CMake module files
[1.955s] Level 1:colcon.colcon_core.environment:checking '/home/fiya/ros2_ws/install/sllidar_ros2' for CMake config files
[1.956s] Level 1:colcon.colcon_core.shell:create_environment_hook('sllidar_ros2', 'cmake_prefix_path')
[1.956s] INFO:colcon.colcon_core.shell:Creating environment hook '/home/fiya/ros2_ws/install/sllidar_ros2/share/sllidar_ros2/hook/cmake_prefix_path.ps1'
[1.957s] INFO:colcon.colcon_core.shell:Creating environment descriptor '/home/fiya/ros2_ws/install/sllidar_ros2/share/sllidar_ros2/hook/cmake_prefix_path.dsv'
[1.957s] INFO:colcon.colcon_core.shell:Creating environment hook '/home/fiya/ros2_ws/install/sllidar_ros2/share/sllidar_ros2/hook/cmake_prefix_path.sh'
[1.958s] Level 1:colcon.colcon_core.environment:checking '/home/fiya/ros2_ws/install/sllidar_ros2/lib'
[1.958s] Level 1:colcon.colcon_core.environment:checking '/home/fiya/ros2_ws/install/sllidar_ros2/bin'
[1.958s] Level 1:colcon.colcon_core.environment:checking '/home/fiya/ros2_ws/install/sllidar_ros2/lib/pkgconfig/sllidar_ros2.pc'
[1.958s] Level 1:colcon.colcon_core.environment:checking '/home/fiya/ros2_ws/install/sllidar_ros2/lib/python3.12/site-packages'
[1.959s] Level 1:colcon.colcon_core.environment:checking '/home/fiya/ros2_ws/install/sllidar_ros2/bin'
[1.959s] INFO:colcon.colcon_core.shell:Creating package script '/home/fiya/ros2_ws/install/sllidar_ros2/share/sllidar_ros2/package.ps1'
[1.960s] INFO:colcon.colcon_core.shell:Creating package descriptor '/home/fiya/ros2_ws/install/sllidar_ros2/share/sllidar_ros2/package.dsv'
[1.961s] INFO:colcon.colcon_core.shell:Creating package script '/home/fiya/ros2_ws/install/sllidar_ros2/share/sllidar_ros2/package.sh'
[1.962s] INFO:colcon.colcon_core.shell:Creating package script '/home/fiya/ros2_ws/install/sllidar_ros2/share/sllidar_ros2/package.bash'
[1.962s] INFO:colcon.colcon_core.shell:Creating package script '/home/fiya/ros2_ws/install/sllidar_ros2/share/sllidar_ros2/package.zsh'
[1.963s] Level 1:colcon.colcon_core.environment:create_file_with_runtime_dependencies(/home/fiya/ros2_ws/install/sllidar_ros2/share/colcon-core/packages/sllidar_ros2)
[1.964s] Level 1:colcon.colcon_core.environment:create_environment_scripts_only(sllidar_ros2)
[1.964s] Level 1:colcon.colcon_core.environment:checking '/home/fiya/ros2_ws/install/sllidar_ros2' for CMake module files
[1.965s] Level 1:colcon.colcon_core.environment:checking '/home/fiya/ros2_ws/install/sllidar_ros2' for CMake config files
[1.965s] Level 1:colcon.colcon_core.shell:create_environment_hook('sllidar_ros2', 'cmake_prefix_path')
[1.965s] INFO:colcon.colcon_core.shell:Creating environment hook '/home/fiya/ros2_ws/install/sllidar_ros2/share/sllidar_ros2/hook/cmake_prefix_path.ps1'
[1.966s] INFO:colcon.colcon_core.shell:Creating environment descriptor '/home/fiya/ros2_ws/install/sllidar_ros2/share/sllidar_ros2/hook/cmake_prefix_path.dsv'
[1.966s] INFO:colcon.colcon_core.shell:Creating environment hook '/home/fiya/ros2_ws/install/sllidar_ros2/share/sllidar_ros2/hook/cmake_prefix_path.sh'
[1.967s] Level 1:colcon.colcon_core.environment:checking '/home/fiya/ros2_ws/install/sllidar_ros2/lib'
[1.967s] Level 1:colcon.colcon_core.environment:checking '/home/fiya/ros2_ws/install/sllidar_ros2/bin'
[1.967s] Level 1:colcon.colcon_core.environment:checking '/home/fiya/ros2_ws/install/sllidar_ros2/lib/pkgconfig/sllidar_ros2.pc'
[1.967s] Level 1:colcon.colcon_core.environment:checking '/home/fiya/ros2_ws/install/sllidar_ros2/lib/python3.12/site-packages'
[1.968s] Level 1:colcon.colcon_core.environment:checking '/home/fiya/ros2_ws/install/sllidar_ros2/bin'
[1.968s] INFO:colcon.colcon_core.shell:Creating package script '/home/fiya/ros2_ws/install/sllidar_ros2/share/sllidar_ros2/package.ps1'
[1.969s] INFO:colcon.colcon_core.shell:Creating package descriptor '/home/fiya/ros2_ws/install/sllidar_ros2/share/sllidar_ros2/package.dsv'
[1.969s] INFO:colcon.colcon_core.shell:Creating package script '/home/fiya/ros2_ws/install/sllidar_ros2/share/sllidar_ros2/package.sh'
[1.970s] INFO:colcon.colcon_core.shell:Creating package script '/home/fiya/ros2_ws/install/sllidar_ros2/share/sllidar_ros2/package.bash'
[1.970s] INFO:colcon.colcon_core.shell:Creating package script '/home/fiya/ros2_ws/install/sllidar_ros2/share/sllidar_ros2/package.zsh'
[1.971s] Level 1:colcon.colcon_core.environment:create_file_with_runtime_dependencies(/home/fiya/ros2_ws/install/sllidar_ros2/share/colcon-core/packages/sllidar_ros2)
[3.244s] DEBUG:colcon.colcon_core.event_handler.log_command:Invoking command in '/home/fiya/ros2_ws/src/scan_subscriber': DEBUGINFOD_URLS=https://debuginfod.ubuntu.com PYTHONPATH=/home/fiya/ros2_ws/build/scan_subscriber/prefix_override:/usr/lib/python3/dist-packages/colcon_core/task/python/colcon_distutils_commands:/home/fiya/ros2_ws/install/scan_subscriber/lib/python3.12/site-packages:${PYTHONPATH} /usr/bin/python3 -W ignore:setup.py install is deprecated -W ignore:easy_install command is deprecated setup.py egg_info --egg-base ../../build/scan_subscriber build --build-base /home/fiya/ros2_ws/build/scan_subscriber/build install --record /home/fiya/ros2_ws/build/scan_subscriber/install.log --single-version-externally-managed install_data
[4.684s] Level 1:colcon.colcon_core.environment:checking '/home/fiya/ros2_ws/install/scan_subscriber' for CMake module files
[4.685s] DEBUG:colcon.colcon_core.event_handler.log_command:Invoked command in '/home/fiya/ros2_ws/src/scan_subscriber' returned '0': DEBUGINFOD_URLS=https://debuginfod.ubuntu.com PYTHONPATH=/home/fiya/ros2_ws/build/scan_subscriber/prefix_override:/usr/lib/python3/dist-packages/colcon_core/task/python/colcon_distutils_commands:/home/fiya/ros2_ws/install/scan_subscriber/lib/python3.12/site-packages:${PYTHONPATH} /usr/bin/python3 -W ignore:setup.py install is deprecated -W ignore:easy_install command is deprecated setup.py egg_info --egg-base ../../build/scan_subscriber build --build-base /home/fiya/ros2_ws/build/scan_subscriber/build install --record /home/fiya/ros2_ws/build/scan_subscriber/install.log --single-version-externally-managed install_data
[4.686s] Level 1:colcon.colcon_core.environment:checking '/home/fiya/ros2_ws/install/scan_subscriber' for CMake config files
[4.689s] Level 1:colcon.colcon_core.environment:checking '/home/fiya/ros2_ws/install/scan_subscriber/lib'
[4.690s] Level 1:colcon.colcon_core.environment:checking '/home/fiya/ros2_ws/install/scan_subscriber/bin'
[4.690s] Level 1:colcon.colcon_core.environment:checking '/home/fiya/ros2_ws/install/scan_subscriber/lib/pkgconfig/scan_subscriber.pc'
[4.690s] Level 1:colcon.colcon_core.environment:checking '/home/fiya/ros2_ws/install/scan_subscriber/lib/python3.12/site-packages'
[4.691s] Level 1:colcon.colcon_core.shell:create_environment_hook('scan_subscriber', 'pythonpath')
[4.691s] INFO:colcon.colcon_core.shell:Creating environment hook '/home/fiya/ros2_ws/install/scan_subscriber/share/scan_subscriber/hook/pythonpath.ps1'
[4.692s] INFO:colcon.colcon_core.shell:Creating environment descriptor '/home/fiya/ros2_ws/install/scan_subscriber/share/scan_subscriber/hook/pythonpath.dsv'
[4.693s] INFO:colcon.colcon_core.shell:Creating environment hook '/home/fiya/ros2_ws/install/scan_subscriber/share/scan_subscriber/hook/pythonpath.sh'
[4.695s] Level 1:colcon.colcon_core.environment:checking '/home/fiya/ros2_ws/install/scan_subscriber/bin'
[4.695s] Level 1:colcon.colcon_core.environment:create_environment_scripts_only(scan_subscriber)
[4.695s] INFO:colcon.colcon_core.shell:Creating package script '/home/fiya/ros2_ws/install/scan_subscriber/share/scan_subscriber/package.ps1'
[4.696s] INFO:colcon.colcon_core.shell:Creating package descriptor '/home/fiya/ros2_ws/install/scan_subscriber/share/scan_subscriber/package.dsv'
[4.697s] INFO:colcon.colcon_core.shell:Creating package script '/home/fiya/ros2_ws/install/scan_subscriber/share/scan_subscriber/package.sh'
[4.698s] INFO:colcon.colcon_core.shell:Creating package script '/home/fiya/ros2_ws/install/scan_subscriber/share/scan_subscriber/package.bash'
[4.698s] INFO:colcon.colcon_core.shell:Creating package script '/home/fiya/ros2_ws/install/scan_subscriber/share/scan_subscriber/package.zsh'
[4.698s] Level 1:colcon.colcon_core.environment:create_file_with_runtime_dependencies(/home/fiya/ros2_ws/install/scan_subscriber/share/colcon-core/packages/scan_subscriber)
[4.699s] DEBUG:colcon.colcon_parallel_executor.executor.parallel:closing loop
[4.699s] DEBUG:colcon.colcon_parallel_executor.executor.parallel:loop closed
[4.699s] DEBUG:colcon.colcon_parallel_executor.executor.parallel:run_until_complete finished with '0'
[4.699s] DEBUG:colcon.colcon_core.event_reactor:joining thread
[4.741s] INFO:colcon.colcon_core.plugin_system:Skipping extension 'colcon_notification.desktop_notification.terminal_notifier': Not used on non-Darwin systems
[4.741s] INFO:colcon.colcon_core.plugin_system:Skipping extension 'colcon_notification.desktop_notification.win32': Not used on non-Windows systems
[4.741s] INFO:colcon.colcon_notification.desktop_notification:Sending desktop notification using 'notify2'
[4.765s] DEBUG:colcon.colcon_core.event_reactor:joined thread
[4.766s] INFO:colcon.colcon_core.shell:Creating prefix script '/home/fiya/ros2_ws/install/local_setup.ps1'
[4.768s] INFO:colcon.colcon_core.shell:Creating prefix util module '/home/fiya/ros2_ws/install/_local_setup_util_ps1.py'
[4.771s] INFO:colcon.colcon_core.shell:Creating prefix chain script '/home/fiya/ros2_ws/install/setup.ps1'
[4.791s] INFO:colcon.colcon_core.shell:Creating prefix script '/home/fiya/ros2_ws/install/local_setup.sh'
[4.791s] INFO:colcon.colcon_core.shell:Creating prefix util module '/home/fiya/ros2_ws/install/_local_setup_util_sh.py'
[4.792s] INFO:colcon.colcon_core.shell:Creating prefix chain script '/home/fiya/ros2_ws/install/setup.sh'
[4.810s] INFO:colcon.colcon_core.shell:Creating prefix script '/home/fiya/ros2_ws/install/local_setup.bash'
[4.811s] INFO:colcon.colcon_core.shell:Creating prefix chain script '/home/fiya/ros2_ws/install/setup.bash'
[4.829s] INFO:colcon.colcon_core.shell:Creating prefix script '/home/fiya/ros2_ws/install/local_setup.zsh'
[4.830s] INFO:colcon.colcon_core.shell:Creating prefix chain script '/home/fiya/ros2_ws/install/setup.zsh'
