[  5%] [32m[1mLinking CXX executable sllidar_client[0m
[ 10%] [32m[1mLinking CXX executable sllidar_node[0m
[ 15%] Built target sllidar_client
[100%] Built target sllidar_node
-- Install configuration: ""
-- Execute custom install script
-- Symlinking: /home/fiya/ros2_ws/install/sllidar_ros2/share/sllidar_ros2/launch/sllidar_a1_launch.py
-- Symlinking: /home/fiya/ros2_ws/install/sllidar_ros2/share/sllidar_ros2/launch/sllidar_a2m12_launch .py
-- Symlinking: /home/fiya/ros2_ws/install/sllidar_ros2/share/sllidar_ros2/launch/sllidar_a2m7_launch.py
-- Symlinking: /home/fiya/ros2_ws/install/sllidar_ros2/share/sllidar_ros2/launch/sllidar_a2m8_launch.py
-- Symlinking: /home/fiya/ros2_ws/install/sllidar_ros2/share/sllidar_ros2/launch/sllidar_a3_launch.py
-- Symlinking: /home/fiya/ros2_ws/install/sllidar_ros2/share/sllidar_ros2/launch/sllidar_c1_launch.py
-- Symlinking: /home/fiya/ros2_ws/install/sllidar_ros2/share/sllidar_ros2/launch/sllidar_s1_launch.py
-- Symlinking: /home/fiya/ros2_ws/install/sllidar_ros2/share/sllidar_ros2/launch/sllidar_s1_tcp_launch.py
-- Symlinking: /home/fiya/ros2_ws/install/sllidar_ros2/share/sllidar_ros2/launch/sllidar_s2_launch.py
-- Symlinking: /home/fiya/ros2_ws/install/sllidar_ros2/share/sllidar_ros2/launch/sllidar_s2e_launch.py
-- Symlinking: /home/fiya/ros2_ws/install/sllidar_ros2/share/sllidar_ros2/launch/sllidar_s3_launch.py
-- Symlinking: /home/fiya/ros2_ws/install/sllidar_ros2/share/sllidar_ros2/launch/sllidar_t1_launch.py
-- Symlinking: /home/fiya/ros2_ws/install/sllidar_ros2/share/sllidar_ros2/launch/view_sllidar_a1_launch.py
-- Symlinking: /home/fiya/ros2_ws/install/sllidar_ros2/share/sllidar_ros2/launch/view_sllidar_a2m12_launch.py
-- Symlinking: /home/fiya/ros2_ws/install/sllidar_ros2/share/sllidar_ros2/launch/view_sllidar_a2m7_launch.py
-- Symlinking: /home/fiya/ros2_ws/install/sllidar_ros2/share/sllidar_ros2/launch/view_sllidar_a2m8_launch.py
-- Symlinking: /home/fiya/ros2_ws/install/sllidar_ros2/share/sllidar_ros2/launch/view_sllidar_a3_launch.py
-- Symlinking: /home/fiya/ros2_ws/install/sllidar_ros2/share/sllidar_ros2/launch/view_sllidar_c1_launch.py
-- Symlinking: /home/fiya/ros2_ws/install/sllidar_ros2/share/sllidar_ros2/launch/view_sllidar_s1_launch.py
-- Symlinking: /home/fiya/ros2_ws/install/sllidar_ros2/share/sllidar_ros2/launch/view_sllidar_s1_tcp_launch.py
-- Symlinking: /home/fiya/ros2_ws/install/sllidar_ros2/share/sllidar_ros2/launch/view_sllidar_s2_launch.py
-- Symlinking: /home/fiya/ros2_ws/install/sllidar_ros2/share/sllidar_ros2/launch/view_sllidar_s2e_launch.py
-- Symlinking: /home/fiya/ros2_ws/install/sllidar_ros2/share/sllidar_ros2/launch/view_sllidar_s3_launch.py
-- Symlinking: /home/fiya/ros2_ws/install/sllidar_ros2/share/sllidar_ros2/launch/view_sllidar_t1_launch.py
-- Symlinking: /home/fiya/ros2_ws/install/sllidar_ros2/share/sllidar_ros2/rviz/sllidar_ros2.rviz
-- Symlinking: /home/fiya/ros2_ws/install/sllidar_ros2/lib/sllidar_ros2/sllidar_node
-- Symlinking: /home/fiya/ros2_ws/install/sllidar_ros2/lib/sllidar_ros2/sllidar_client
-- Symlinking: /home/fiya/ros2_ws/install/sllidar_ros2/share/ament_index/resource_index/package_run_dependencies/sllidar_ros2
-- Symlinking: /home/fiya/ros2_ws/install/sllidar_ros2/share/ament_index/resource_index/parent_prefix_path/sllidar_ros2
-- Symlinking: /home/fiya/ros2_ws/install/sllidar_ros2/share/sllidar_ros2/environment/ament_prefix_path.sh
-- Symlinking: /home/fiya/ros2_ws/install/sllidar_ros2/share/sllidar_ros2/environment/ament_prefix_path.dsv
-- Symlinking: /home/fiya/ros2_ws/install/sllidar_ros2/share/sllidar_ros2/environment/path.sh
-- Symlinking: /home/fiya/ros2_ws/install/sllidar_ros2/share/sllidar_ros2/environment/path.dsv
-- Symlinking: /home/fiya/ros2_ws/install/sllidar_ros2/share/sllidar_ros2/local_setup.bash
-- Symlinking: /home/fiya/ros2_ws/install/sllidar_ros2/share/sllidar_ros2/local_setup.sh
-- Symlinking: /home/fiya/ros2_ws/install/sllidar_ros2/share/sllidar_ros2/local_setup.zsh
-- Symlinking: /home/fiya/ros2_ws/install/sllidar_ros2/share/sllidar_ros2/local_setup.dsv
-- Symlinking: /home/fiya/ros2_ws/install/sllidar_ros2/share/sllidar_ros2/package.dsv
-- Symlinking: /home/fiya/ros2_ws/install/sllidar_ros2/share/ament_index/resource_index/packages/sllidar_ros2
-- Symlinking: /home/fiya/ros2_ws/install/sllidar_ros2/share/sllidar_ros2/cmake/ament_cmake_export_dependencies-extras.cmake
-- Symlinking: /home/fiya/ros2_ws/install/sllidar_ros2/share/sllidar_ros2/cmake/ament_cmake_export_include_directories-extras.cmake
-- Symlinking: /home/fiya/ros2_ws/install/sllidar_ros2/share/sllidar_ros2/cmake/sllidar_ros2Config.cmake
-- Symlinking: /home/fiya/ros2_ws/install/sllidar_ros2/share/sllidar_ros2/cmake/sllidar_ros2Config-version.cmake
-- Symlinking: /home/fiya/ros2_ws/install/sllidar_ros2/share/sllidar_ros2/package.xml
