[0.434s] DEBUG:colcon:Command line arguments: ['/usr/bin/colcon', 'build', '--symlink-install']
[0.434s] DEBUG:colcon:Parsed command line arguments: Namespace(log_base=None, log_level=None, verb_name='build', build_base='build', install_base='install', merge_install=False, symlink_install=True, test_result_base=None, continue_on_error=False, executor='parallel', parallel_workers=8, event_handlers=None, ignore_user_meta=False, metas=['./colcon.meta'], base_paths=['.'], packages_ignore=None, packages_ignore_regex=None, paths=None, packages_up_to=None, packages_up_to_regex=None, packages_above=None, packages_above_and_dependencies=None, packages_above_depth=None, packages_select_by_dep=None, packages_skip_by_dep=None, packages_skip_up_to=None, packages_select_build_failed=False, packages_skip_build_finished=False, packages_select_test_failures=False, packages_skip_test_passed=False, packages_select=None, packages_skip=None, packages_select_regex=None, packages_skip_regex=None, packages_start=None, packages_end=None, allow_overriding=[], cmake_args=None, cmake_target=None, cmake_target_skip_unavailable=False, cmake_clean_cache=False, cmake_clean_first=False, cmake_force_configure=False, ament_cmake_args=None, catkin_cmake_args=None, catkin_skip_building_tests=False, mixin_files=None, mixin=None, verb_parser=<colcon_mixin.mixin.mixin_argument.MixinArgumentDecorator object at 0x7a03476eb860>, verb_extension=<colcon_core.verb.build.BuildVerb object at 0x7a0347634110>, main=<bound method BuildVerb.main of <colcon_core.verb.build.BuildVerb object at 0x7a0347634110>>, mixin_verb=('build',))
[0.549s] Level 1:colcon.colcon_core.package_discovery:discover_packages(colcon_meta) check parameters
[0.549s] Level 1:colcon.colcon_core.package_discovery:discover_packages(recursive) check parameters
[0.550s] Level 1:colcon.colcon_core.package_discovery:discover_packages(ignore) check parameters
[0.550s] Level 1:colcon.colcon_core.package_discovery:discover_packages(path) check parameters
[0.550s] Level 1:colcon.colcon_core.package_discovery:discover_packages(colcon_meta) discover
[0.550s] Level 1:colcon.colcon_core.package_discovery:discover_packages(recursive) discover
[0.550s] INFO:colcon.colcon_core.package_discovery:Crawling recursively for packages in '/home/fiya/ros2_ws'
[0.550s] Level 1:colcon.colcon_core.package_identification:_identify(.) by extensions ['ignore', 'ignore_ament_install']
[0.550s] Level 1:colcon.colcon_core.package_identification:_identify(.) by extension 'ignore'
[0.550s] Level 1:colcon.colcon_core.package_identification:_identify(.) by extension 'ignore_ament_install'
[0.550s] Level 1:colcon.colcon_core.package_identification:_identify(.) by extensions ['colcon_pkg']
[0.550s] Level 1:colcon.colcon_core.package_identification:_identify(.) by extension 'colcon_pkg'
[0.551s] Level 1:colcon.colcon_core.package_identification:_identify(.) by extensions ['colcon_meta']
[0.551s] Level 1:colcon.colcon_core.package_identification:_identify(.) by extension 'colcon_meta'
[0.551s] Level 1:colcon.colcon_core.package_identification:_identify(.) by extensions ['ros']
[0.551s] Level 1:colcon.colcon_core.package_identification:_identify(.) by extension 'ros'
[0.617s] Level 1:colcon.colcon_core.package_identification:_identify(.) by extensions ['cmake', 'python']
[0.618s] Level 1:colcon.colcon_core.package_identification:_identify(.) by extension 'cmake'
[0.618s] Level 1:colcon.colcon_core.package_identification:_identify(.) by extension 'python'
[0.618s] Level 1:colcon.colcon_core.package_identification:_identify(.) by extensions ['python_setup_py']
[0.618s] Level 1:colcon.colcon_core.package_identification:_identify(.) by extension 'python_setup_py'
[0.618s] Level 1:colcon.colcon_core.package_identification:_identify(build) by extensions ['ignore', 'ignore_ament_install']
[0.618s] Level 1:colcon.colcon_core.package_identification:_identify(build) by extension 'ignore'
[0.618s] Level 1:colcon.colcon_core.package_identification:_identify(build) ignored
[0.619s] Level 1:colcon.colcon_core.package_identification:_identify(install) by extensions ['ignore', 'ignore_ament_install']
[0.619s] Level 1:colcon.colcon_core.package_identification:_identify(install) by extension 'ignore'
[0.619s] Level 1:colcon.colcon_core.package_identification:_identify(install) ignored
[0.619s] Level 1:colcon.colcon_core.package_identification:_identify(log) by extensions ['ignore', 'ignore_ament_install']
[0.619s] Level 1:colcon.colcon_core.package_identification:_identify(log) by extension 'ignore'
[0.619s] Level 1:colcon.colcon_core.package_identification:_identify(log) ignored
[0.619s] Level 1:colcon.colcon_core.package_identification:_identify(src) by extensions ['ignore', 'ignore_ament_install']
[0.619s] Level 1:colcon.colcon_core.package_identification:_identify(src) by extension 'ignore'
[0.619s] Level 1:colcon.colcon_core.package_identification:_identify(src) by extension 'ignore_ament_install'
[0.620s] Level 1:colcon.colcon_core.package_identification:_identify(src) by extensions ['colcon_pkg']
[0.620s] Level 1:colcon.colcon_core.package_identification:_identify(src) by extension 'colcon_pkg'
[0.620s] Level 1:colcon.colcon_core.package_identification:_identify(src) by extensions ['colcon_meta']
[0.620s] Level 1:colcon.colcon_core.package_identification:_identify(src) by extension 'colcon_meta'
[0.620s] Level 1:colcon.colcon_core.package_identification:_identify(src) by extensions ['ros']
[0.620s] Level 1:colcon.colcon_core.package_identification:_identify(src) by extension 'ros'
[0.620s] Level 1:colcon.colcon_core.package_identification:_identify(src) by extensions ['cmake', 'python']
[0.620s] Level 1:colcon.colcon_core.package_identification:_identify(src) by extension 'cmake'
[0.620s] Level 1:colcon.colcon_core.package_identification:_identify(src) by extension 'python'
[0.620s] Level 1:colcon.colcon_core.package_identification:_identify(src) by extensions ['python_setup_py']
[0.620s] Level 1:colcon.colcon_core.package_identification:_identify(src) by extension 'python_setup_py'
[0.620s] Level 1:colcon.colcon_core.package_identification:_identify(src/sllidar_ros2) by extensions ['ignore', 'ignore_ament_install']
[0.620s] Level 1:colcon.colcon_core.package_identification:_identify(src/sllidar_ros2) by extension 'ignore'
[0.621s] Level 1:colcon.colcon_core.package_identification:_identify(src/sllidar_ros2) by extension 'ignore_ament_install'
[0.621s] Level 1:colcon.colcon_core.package_identification:_identify(src/sllidar_ros2) by extensions ['colcon_pkg']
[0.621s] Level 1:colcon.colcon_core.package_identification:_identify(src/sllidar_ros2) by extension 'colcon_pkg'
[0.621s] Level 1:colcon.colcon_core.package_identification:_identify(src/sllidar_ros2) by extensions ['colcon_meta']
[0.621s] Level 1:colcon.colcon_core.package_identification:_identify(src/sllidar_ros2) by extension 'colcon_meta'
[0.621s] Level 1:colcon.colcon_core.package_identification:_identify(src/sllidar_ros2) by extensions ['ros']
[0.621s] Level 1:colcon.colcon_core.package_identification:_identify(src/sllidar_ros2) by extension 'ros'
[0.625s] DEBUG:colcon.colcon_core.package_identification:Package 'src/sllidar_ros2' with type 'ros.ament_cmake' and name 'sllidar_ros2'
[0.625s] Level 1:colcon.colcon_core.package_discovery:discover_packages(recursive) using defaults
[0.626s] Level 1:colcon.colcon_core.package_discovery:discover_packages(ignore) discover
[0.626s] Level 1:colcon.colcon_core.package_discovery:discover_packages(ignore) using defaults
[0.626s] Level 1:colcon.colcon_core.package_discovery:discover_packages(path) discover
[0.626s] Level 1:colcon.colcon_core.package_discovery:discover_packages(path) using defaults
[0.702s] Level 1:colcon.colcon_core.package_discovery:discover_packages(prefix_path) check parameters
[0.702s] Level 1:colcon.colcon_core.package_discovery:discover_packages(prefix_path) discover
[0.751s] DEBUG:colcon.colcon_installed_package_information.package_discovery:Found 365 installed packages in /home/fiya/ros2_jazzy/install
[0.787s] Level 1:colcon.colcon_core.package_discovery:discover_packages(prefix_path) using defaults
[0.852s] Level 5:colcon.colcon_core.verb:set package 'sllidar_ros2' build argument 'cmake_args' from command line to 'None'
[0.853s] Level 5:colcon.colcon_core.verb:set package 'sllidar_ros2' build argument 'cmake_target' from command line to 'None'
[0.853s] Level 5:colcon.colcon_core.verb:set package 'sllidar_ros2' build argument 'cmake_target_skip_unavailable' from command line to 'False'
[0.853s] Level 5:colcon.colcon_core.verb:set package 'sllidar_ros2' build argument 'cmake_clean_cache' from command line to 'False'
[0.853s] Level 5:colcon.colcon_core.verb:set package 'sllidar_ros2' build argument 'cmake_clean_first' from command line to 'False'
[0.853s] Level 5:colcon.colcon_core.verb:set package 'sllidar_ros2' build argument 'cmake_force_configure' from command line to 'False'
[0.853s] Level 5:colcon.colcon_core.verb:set package 'sllidar_ros2' build argument 'ament_cmake_args' from command line to 'None'
[0.853s] Level 5:colcon.colcon_core.verb:set package 'sllidar_ros2' build argument 'catkin_cmake_args' from command line to 'None'
[0.853s] Level 5:colcon.colcon_core.verb:set package 'sllidar_ros2' build argument 'catkin_skip_building_tests' from command line to 'False'
[0.853s] DEBUG:colcon.colcon_core.verb:Building package 'sllidar_ros2' with the following arguments: {'ament_cmake_args': None, 'build_base': '/home/fiya/ros2_ws/build/sllidar_ros2', 'catkin_cmake_args': None, 'catkin_skip_building_tests': False, 'cmake_args': None, 'cmake_clean_cache': False, 'cmake_clean_first': False, 'cmake_force_configure': False, 'cmake_target': None, 'cmake_target_skip_unavailable': False, 'install_base': '/home/fiya/ros2_ws/install/sllidar_ros2', 'merge_install': False, 'path': '/home/fiya/ros2_ws/src/sllidar_ros2', 'symlink_install': True, 'test_result_base': None}
[0.853s] INFO:colcon.colcon_core.executor:Executing jobs using 'parallel' executor
[0.855s] DEBUG:colcon.colcon_parallel_executor.executor.parallel:run_until_complete
[0.855s] INFO:colcon.colcon_ros.task.ament_cmake.build:Building ROS package in '/home/fiya/ros2_ws/src/sllidar_ros2' with build type 'ament_cmake'
[0.855s] INFO:colcon.colcon_cmake.task.cmake.build:Building CMake package in '/home/fiya/ros2_ws/src/sllidar_ros2'
[0.868s] INFO:colcon.colcon_core.plugin_system:Skipping extension 'colcon_core.shell.bat': Not used on non-Windows systems
[0.868s] INFO:colcon.colcon_core.shell:Skip shell extension 'powershell' for command environment: Not usable outside of PowerShell
[0.868s] DEBUG:colcon.colcon_core.shell:Skip shell extension 'dsv' for command environment
[0.941s] DEBUG:colcon.colcon_core.event_handler.log_command:Invoking command in '/home/fiya/ros2_ws/build/sllidar_ros2': CMAKE_PREFIX_PATH=${CMAKE_PREFIX_PATH}:/home/fiya/ros2_jazzy/install/rqt_bag_plugins:/home/fiya/ros2_jazzy/install/launch_testing_examples:/home/fiya/ros2_jazzy/install/ros2bag:/home/fiya/ros2_jazzy/install/rqt_bag:/home/fiya/ros2_jazzy/install/rosbag2_examples_py:/home/fiya/ros2_jazzy/install/tracetools_test:/home/fiya/ros2_jazzy/install/tracetools_launch:/home/fiya/ros2_jazzy/install/topic_monitor:/home/fiya/ros2_jazzy/install/tf2_tools:/home/fiya/ros2_jazzy/install/examples_tf2_py:/home/fiya/ros2_jazzy/install/tf2_ros_py:/home/fiya/ros2_jazzy/install/examples_rclpy_pointcloud_publisher:/home/fiya/ros2_jazzy/install/sensor_msgs_py:/home/fiya/ros2_jazzy/install/quality_of_service_demo_py:/home/fiya/ros2_jazzy/install/camera_info_manager_py:/home/fiya/ros2_jazzy/install/rqt_plot:/home/fiya/ros2_jazzy/install/ros2doctor:/home/fiya/ros2_jazzy/install/lifecycle_py:/home/fiya/ros2_jazzy/install/examples_rclpy_minimal_subscriber:/home/fiya/ros2_jazzy/install/examples_rclpy_minimal_service:/home/fiya/ros2_jazzy/install/examples_rclpy_minimal_publisher:/home/fiya/ros2_jazzy/install/examples_rclpy_minimal_client:/home/fiya/ros2_jazzy/install/examples_rclpy_executors:/home/fiya/ros2_jazzy/install/demo_nodes_py:/home/fiya/ros2_jazzy/install/rqt:/home/fiya/ros2_jazzy/install/ros2component:/home/fiya/ros2_jazzy/install/sros2:/home/fiya/ros2_jazzy/install/rqt_topic:/home/fiya/ros2_jazzy/install/rqt_srv:/home/fiya/ros2_jazzy/install/rqt_shell:/home/fiya/ros2_jazzy/install/rqt_service_caller:/home/fiya/ros2_jazzy/install/rqt_reconfigure:/home/fiya/ros2_jazzy/install/rqt_py_console:/home/fiya/ros2_jazzy/install/rqt_publisher:/home/fiya/ros2_jazzy/install/rqt_action:/home/fiya/ros2_jazzy/install/rqt_msg:/home/fiya/ros2_jazzy/install/rqt_console:/home/fiya/ros2_jazzy/install/rqt_graph:/home/fiya/ros2_jazzy/install/rqt_gui_py:/home/fiya/ros2_jazzy/install/rqt_gui:/home/fiya/ros2_jazzy/install/ros2trace:/home/fiya/ros2_jazzy/install/ros2param:/home/fiya/ros2_jazzy/install/ros2lifecycle:/home/fiya/ros2_jazzy/install/ros2service:/home/fiya/ros2_jazzy/install/ros2topic:/home/fiya/ros2_jazzy/install/ros2test:/home/fiya/ros2_jazzy/install/ros2run:/home/fiya/ros2_jazzy/install/ros2plugin:/home/fiya/ros2_jazzy/install/ros2launch:/home/fiya/ros2_jazzy/install/ros2pkg:/home/fiya/ros2_jazzy/install/ros2node:/home/fiya/ros2_jazzy/install/ros2multicast:/home/fiya/ros2_jazzy/install/ros2interface:/home/fiya/ros2_jazzy/install/ros2action:/home/fiya/ros2_jazzy/install/ros2cli:/home/fiya/ros2_jazzy/install/launch_testing_ros:/home/fiya/ros2_jazzy/install/launch_ros:/home/fiya/ros2_jazzy/install/examples_rclpy_minimal_action_server:/home/fiya/ros2_jazzy/install/examples_rclpy_minimal_action_client:/home/fiya/ros2_jazzy/install/examples_rclpy_guard_conditions:/home/fiya/ros2_jazzy/install/action_tutorials_py:/home/fiya/ros2_jazzy/install/ament_uncrustify:/home/fiya/ros2_jazzy/install/tracetools_trace:/home/fiya/ros2_jazzy/install/tracetools_read:/home/fiya/ros2_jazzy/install/test_tracetools_launch:/home/fiya/ros2_jazzy/install/test_ros2trace:/home/fiya/ros2_jazzy/install/test_launch_ros:/home/fiya/ros2_jazzy/install/rpyutils:/home/fiya/ros2_jazzy/install/rosidl_runtime_py:/home/fiya/ros2_jazzy/install/rosidl_pycommon:/home/fiya/ros2_jazzy/install/rosidl_cli:/home/fiya/ros2_jazzy/install/launch_pytest:/home/fiya/ros2_jazzy/install/launch_testing:/home/fiya/ros2_jazzy/install/launch_yaml:/home/fiya/ros2_jazzy/install/launch_xml:/home/fiya/ros2_jazzy/install/launch:/home/fiya/ros2_jazzy/install/osrf_pycommon:/home/fiya/ros2_jazzy/install/domain_coordinator:/home/fiya/ros2_jazzy/install/ament_xmllint:/home/fiya/ros2_jazzy/install/ament_pyflakes:/home/fiya/ros2_jazzy/install/ament_pycodestyle:/home/fiya/ros2_jazzy/install/ament_pep257:/home/fiya/ros2_jazzy/install/ament_pclint:/home/fiya/ros2_jazzy/install/ament_package:/home/fiya/ros2_jazzy/install/ament_mypy:/home/fiya/ros2_jazzy/install/ament_lint_cmake:/home/fiya/ros2_jazzy/install/ament_flake8:/home/fiya/ros2_jazzy/install/ament_copyright:/home/fiya/ros2_jazzy/install/ament_lint:/home/fiya/ros2_jazzy/install/ament_index_python:/home/fiya/ros2_jazzy/install/ament_cpplint:/home/fiya/ros2_jazzy/install/ament_cppcheck:/home/fiya/ros2_jazzy/install/ament_clang_tidy:/home/fiya/ros2_jazzy/install/ament_clang_format DEBUGINFOD_URLS=https://debuginfod.ubuntu.com /usr/bin/cmake --build /home/fiya/ros2_ws/build/sllidar_ros2 -- -j8 -l8
[5.065s] DEBUG:colcon.colcon_core.event_handler.log_command:Invoked command in '/home/fiya/ros2_ws/build/sllidar_ros2' returned '0': CMAKE_PREFIX_PATH=${CMAKE_PREFIX_PATH}:/home/fiya/ros2_jazzy/install/rqt_bag_plugins:/home/fiya/ros2_jazzy/install/launch_testing_examples:/home/fiya/ros2_jazzy/install/ros2bag:/home/fiya/ros2_jazzy/install/rqt_bag:/home/fiya/ros2_jazzy/install/rosbag2_examples_py:/home/fiya/ros2_jazzy/install/tracetools_test:/home/fiya/ros2_jazzy/install/tracetools_launch:/home/fiya/ros2_jazzy/install/topic_monitor:/home/fiya/ros2_jazzy/install/tf2_tools:/home/fiya/ros2_jazzy/install/examples_tf2_py:/home/fiya/ros2_jazzy/install/tf2_ros_py:/home/fiya/ros2_jazzy/install/examples_rclpy_pointcloud_publisher:/home/fiya/ros2_jazzy/install/sensor_msgs_py:/home/fiya/ros2_jazzy/install/quality_of_service_demo_py:/home/fiya/ros2_jazzy/install/camera_info_manager_py:/home/fiya/ros2_jazzy/install/rqt_plot:/home/fiya/ros2_jazzy/install/ros2doctor:/home/fiya/ros2_jazzy/install/lifecycle_py:/home/fiya/ros2_jazzy/install/examples_rclpy_minimal_subscriber:/home/fiya/ros2_jazzy/install/examples_rclpy_minimal_service:/home/fiya/ros2_jazzy/install/examples_rclpy_minimal_publisher:/home/fiya/ros2_jazzy/install/examples_rclpy_minimal_client:/home/fiya/ros2_jazzy/install/examples_rclpy_executors:/home/fiya/ros2_jazzy/install/demo_nodes_py:/home/fiya/ros2_jazzy/install/rqt:/home/fiya/ros2_jazzy/install/ros2component:/home/fiya/ros2_jazzy/install/sros2:/home/fiya/ros2_jazzy/install/rqt_topic:/home/fiya/ros2_jazzy/install/rqt_srv:/home/fiya/ros2_jazzy/install/rqt_shell:/home/fiya/ros2_jazzy/install/rqt_service_caller:/home/fiya/ros2_jazzy/install/rqt_reconfigure:/home/fiya/ros2_jazzy/install/rqt_py_console:/home/fiya/ros2_jazzy/install/rqt_publisher:/home/fiya/ros2_jazzy/install/rqt_action:/home/fiya/ros2_jazzy/install/rqt_msg:/home/fiya/ros2_jazzy/install/rqt_console:/home/fiya/ros2_jazzy/install/rqt_graph:/home/fiya/ros2_jazzy/install/rqt_gui_py:/home/fiya/ros2_jazzy/install/rqt_gui:/home/fiya/ros2_jazzy/install/ros2trace:/home/fiya/ros2_jazzy/install/ros2param:/home/fiya/ros2_jazzy/install/ros2lifecycle:/home/fiya/ros2_jazzy/install/ros2service:/home/fiya/ros2_jazzy/install/ros2topic:/home/fiya/ros2_jazzy/install/ros2test:/home/fiya/ros2_jazzy/install/ros2run:/home/fiya/ros2_jazzy/install/ros2plugin:/home/fiya/ros2_jazzy/install/ros2launch:/home/fiya/ros2_jazzy/install/ros2pkg:/home/fiya/ros2_jazzy/install/ros2node:/home/fiya/ros2_jazzy/install/ros2multicast:/home/fiya/ros2_jazzy/install/ros2interface:/home/fiya/ros2_jazzy/install/ros2action:/home/fiya/ros2_jazzy/install/ros2cli:/home/fiya/ros2_jazzy/install/launch_testing_ros:/home/fiya/ros2_jazzy/install/launch_ros:/home/fiya/ros2_jazzy/install/examples_rclpy_minimal_action_server:/home/fiya/ros2_jazzy/install/examples_rclpy_minimal_action_client:/home/fiya/ros2_jazzy/install/examples_rclpy_guard_conditions:/home/fiya/ros2_jazzy/install/action_tutorials_py:/home/fiya/ros2_jazzy/install/ament_uncrustify:/home/fiya/ros2_jazzy/install/tracetools_trace:/home/fiya/ros2_jazzy/install/tracetools_read:/home/fiya/ros2_jazzy/install/test_tracetools_launch:/home/fiya/ros2_jazzy/install/test_ros2trace:/home/fiya/ros2_jazzy/install/test_launch_ros:/home/fiya/ros2_jazzy/install/rpyutils:/home/fiya/ros2_jazzy/install/rosidl_runtime_py:/home/fiya/ros2_jazzy/install/rosidl_pycommon:/home/fiya/ros2_jazzy/install/rosidl_cli:/home/fiya/ros2_jazzy/install/launch_pytest:/home/fiya/ros2_jazzy/install/launch_testing:/home/fiya/ros2_jazzy/install/launch_yaml:/home/fiya/ros2_jazzy/install/launch_xml:/home/fiya/ros2_jazzy/install/launch:/home/fiya/ros2_jazzy/install/osrf_pycommon:/home/fiya/ros2_jazzy/install/domain_coordinator:/home/fiya/ros2_jazzy/install/ament_xmllint:/home/fiya/ros2_jazzy/install/ament_pyflakes:/home/fiya/ros2_jazzy/install/ament_pycodestyle:/home/fiya/ros2_jazzy/install/ament_pep257:/home/fiya/ros2_jazzy/install/ament_pclint:/home/fiya/ros2_jazzy/install/ament_package:/home/fiya/ros2_jazzy/install/ament_mypy:/home/fiya/ros2_jazzy/install/ament_lint_cmake:/home/fiya/ros2_jazzy/install/ament_flake8:/home/fiya/ros2_jazzy/install/ament_copyright:/home/fiya/ros2_jazzy/install/ament_lint:/home/fiya/ros2_jazzy/install/ament_index_python:/home/fiya/ros2_jazzy/install/ament_cpplint:/home/fiya/ros2_jazzy/install/ament_cppcheck:/home/fiya/ros2_jazzy/install/ament_clang_tidy:/home/fiya/ros2_jazzy/install/ament_clang_format DEBUGINFOD_URLS=https://debuginfod.ubuntu.com /usr/bin/cmake --build /home/fiya/ros2_ws/build/sllidar_ros2 -- -j8 -l8
[5.111s] DEBUG:colcon.colcon_core.event_handler.log_command:Invoking command in '/home/fiya/ros2_ws/build/sllidar_ros2': CMAKE_PREFIX_PATH=${CMAKE_PREFIX_PATH}:/home/fiya/ros2_jazzy/install/rqt_bag_plugins:/home/fiya/ros2_jazzy/install/launch_testing_examples:/home/fiya/ros2_jazzy/install/ros2bag:/home/fiya/ros2_jazzy/install/rqt_bag:/home/fiya/ros2_jazzy/install/rosbag2_examples_py:/home/fiya/ros2_jazzy/install/tracetools_test:/home/fiya/ros2_jazzy/install/tracetools_launch:/home/fiya/ros2_jazzy/install/topic_monitor:/home/fiya/ros2_jazzy/install/tf2_tools:/home/fiya/ros2_jazzy/install/examples_tf2_py:/home/fiya/ros2_jazzy/install/tf2_ros_py:/home/fiya/ros2_jazzy/install/examples_rclpy_pointcloud_publisher:/home/fiya/ros2_jazzy/install/sensor_msgs_py:/home/fiya/ros2_jazzy/install/quality_of_service_demo_py:/home/fiya/ros2_jazzy/install/camera_info_manager_py:/home/fiya/ros2_jazzy/install/rqt_plot:/home/fiya/ros2_jazzy/install/ros2doctor:/home/fiya/ros2_jazzy/install/lifecycle_py:/home/fiya/ros2_jazzy/install/examples_rclpy_minimal_subscriber:/home/fiya/ros2_jazzy/install/examples_rclpy_minimal_service:/home/fiya/ros2_jazzy/install/examples_rclpy_minimal_publisher:/home/fiya/ros2_jazzy/install/examples_rclpy_minimal_client:/home/fiya/ros2_jazzy/install/examples_rclpy_executors:/home/fiya/ros2_jazzy/install/demo_nodes_py:/home/fiya/ros2_jazzy/install/rqt:/home/fiya/ros2_jazzy/install/ros2component:/home/fiya/ros2_jazzy/install/sros2:/home/fiya/ros2_jazzy/install/rqt_topic:/home/fiya/ros2_jazzy/install/rqt_srv:/home/fiya/ros2_jazzy/install/rqt_shell:/home/fiya/ros2_jazzy/install/rqt_service_caller:/home/fiya/ros2_jazzy/install/rqt_reconfigure:/home/fiya/ros2_jazzy/install/rqt_py_console:/home/fiya/ros2_jazzy/install/rqt_publisher:/home/fiya/ros2_jazzy/install/rqt_action:/home/fiya/ros2_jazzy/install/rqt_msg:/home/fiya/ros2_jazzy/install/rqt_console:/home/fiya/ros2_jazzy/install/rqt_graph:/home/fiya/ros2_jazzy/install/rqt_gui_py:/home/fiya/ros2_jazzy/install/rqt_gui:/home/fiya/ros2_jazzy/install/ros2trace:/home/fiya/ros2_jazzy/install/ros2param:/home/fiya/ros2_jazzy/install/ros2lifecycle:/home/fiya/ros2_jazzy/install/ros2service:/home/fiya/ros2_jazzy/install/ros2topic:/home/fiya/ros2_jazzy/install/ros2test:/home/fiya/ros2_jazzy/install/ros2run:/home/fiya/ros2_jazzy/install/ros2plugin:/home/fiya/ros2_jazzy/install/ros2launch:/home/fiya/ros2_jazzy/install/ros2pkg:/home/fiya/ros2_jazzy/install/ros2node:/home/fiya/ros2_jazzy/install/ros2multicast:/home/fiya/ros2_jazzy/install/ros2interface:/home/fiya/ros2_jazzy/install/ros2action:/home/fiya/ros2_jazzy/install/ros2cli:/home/fiya/ros2_jazzy/install/launch_testing_ros:/home/fiya/ros2_jazzy/install/launch_ros:/home/fiya/ros2_jazzy/install/examples_rclpy_minimal_action_server:/home/fiya/ros2_jazzy/install/examples_rclpy_minimal_action_client:/home/fiya/ros2_jazzy/install/examples_rclpy_guard_conditions:/home/fiya/ros2_jazzy/install/action_tutorials_py:/home/fiya/ros2_jazzy/install/ament_uncrustify:/home/fiya/ros2_jazzy/install/tracetools_trace:/home/fiya/ros2_jazzy/install/tracetools_read:/home/fiya/ros2_jazzy/install/test_tracetools_launch:/home/fiya/ros2_jazzy/install/test_ros2trace:/home/fiya/ros2_jazzy/install/test_launch_ros:/home/fiya/ros2_jazzy/install/rpyutils:/home/fiya/ros2_jazzy/install/rosidl_runtime_py:/home/fiya/ros2_jazzy/install/rosidl_pycommon:/home/fiya/ros2_jazzy/install/rosidl_cli:/home/fiya/ros2_jazzy/install/launch_pytest:/home/fiya/ros2_jazzy/install/launch_testing:/home/fiya/ros2_jazzy/install/launch_yaml:/home/fiya/ros2_jazzy/install/launch_xml:/home/fiya/ros2_jazzy/install/launch:/home/fiya/ros2_jazzy/install/osrf_pycommon:/home/fiya/ros2_jazzy/install/domain_coordinator:/home/fiya/ros2_jazzy/install/ament_xmllint:/home/fiya/ros2_jazzy/install/ament_pyflakes:/home/fiya/ros2_jazzy/install/ament_pycodestyle:/home/fiya/ros2_jazzy/install/ament_pep257:/home/fiya/ros2_jazzy/install/ament_pclint:/home/fiya/ros2_jazzy/install/ament_package:/home/fiya/ros2_jazzy/install/ament_mypy:/home/fiya/ros2_jazzy/install/ament_lint_cmake:/home/fiya/ros2_jazzy/install/ament_flake8:/home/fiya/ros2_jazzy/install/ament_copyright:/home/fiya/ros2_jazzy/install/ament_lint:/home/fiya/ros2_jazzy/install/ament_index_python:/home/fiya/ros2_jazzy/install/ament_cpplint:/home/fiya/ros2_jazzy/install/ament_cppcheck:/home/fiya/ros2_jazzy/install/ament_clang_tidy:/home/fiya/ros2_jazzy/install/ament_clang_format DEBUGINFOD_URLS=https://debuginfod.ubuntu.com /usr/bin/cmake --install /home/fiya/ros2_ws/build/sllidar_ros2
[7.043s] Level 1:colcon.colcon_core.environment:create_environment_scripts_only(sllidar_ros2)
[7.045s] DEBUG:colcon.colcon_core.event_handler.log_command:Invoked command in '/home/fiya/ros2_ws/build/sllidar_ros2' returned '0': CMAKE_PREFIX_PATH=${CMAKE_PREFIX_PATH}:/home/fiya/ros2_jazzy/install/rqt_bag_plugins:/home/fiya/ros2_jazzy/install/launch_testing_examples:/home/fiya/ros2_jazzy/install/ros2bag:/home/fiya/ros2_jazzy/install/rqt_bag:/home/fiya/ros2_jazzy/install/rosbag2_examples_py:/home/fiya/ros2_jazzy/install/tracetools_test:/home/fiya/ros2_jazzy/install/tracetools_launch:/home/fiya/ros2_jazzy/install/topic_monitor:/home/fiya/ros2_jazzy/install/tf2_tools:/home/fiya/ros2_jazzy/install/examples_tf2_py:/home/fiya/ros2_jazzy/install/tf2_ros_py:/home/fiya/ros2_jazzy/install/examples_rclpy_pointcloud_publisher:/home/fiya/ros2_jazzy/install/sensor_msgs_py:/home/fiya/ros2_jazzy/install/quality_of_service_demo_py:/home/fiya/ros2_jazzy/install/camera_info_manager_py:/home/fiya/ros2_jazzy/install/rqt_plot:/home/fiya/ros2_jazzy/install/ros2doctor:/home/fiya/ros2_jazzy/install/lifecycle_py:/home/fiya/ros2_jazzy/install/examples_rclpy_minimal_subscriber:/home/fiya/ros2_jazzy/install/examples_rclpy_minimal_service:/home/fiya/ros2_jazzy/install/examples_rclpy_minimal_publisher:/home/fiya/ros2_jazzy/install/examples_rclpy_minimal_client:/home/fiya/ros2_jazzy/install/examples_rclpy_executors:/home/fiya/ros2_jazzy/install/demo_nodes_py:/home/fiya/ros2_jazzy/install/rqt:/home/fiya/ros2_jazzy/install/ros2component:/home/fiya/ros2_jazzy/install/sros2:/home/fiya/ros2_jazzy/install/rqt_topic:/home/fiya/ros2_jazzy/install/rqt_srv:/home/fiya/ros2_jazzy/install/rqt_shell:/home/fiya/ros2_jazzy/install/rqt_service_caller:/home/fiya/ros2_jazzy/install/rqt_reconfigure:/home/fiya/ros2_jazzy/install/rqt_py_console:/home/fiya/ros2_jazzy/install/rqt_publisher:/home/fiya/ros2_jazzy/install/rqt_action:/home/fiya/ros2_jazzy/install/rqt_msg:/home/fiya/ros2_jazzy/install/rqt_console:/home/fiya/ros2_jazzy/install/rqt_graph:/home/fiya/ros2_jazzy/install/rqt_gui_py:/home/fiya/ros2_jazzy/install/rqt_gui:/home/fiya/ros2_jazzy/install/ros2trace:/home/fiya/ros2_jazzy/install/ros2param:/home/fiya/ros2_jazzy/install/ros2lifecycle:/home/fiya/ros2_jazzy/install/ros2service:/home/fiya/ros2_jazzy/install/ros2topic:/home/fiya/ros2_jazzy/install/ros2test:/home/fiya/ros2_jazzy/install/ros2run:/home/fiya/ros2_jazzy/install/ros2plugin:/home/fiya/ros2_jazzy/install/ros2launch:/home/fiya/ros2_jazzy/install/ros2pkg:/home/fiya/ros2_jazzy/install/ros2node:/home/fiya/ros2_jazzy/install/ros2multicast:/home/fiya/ros2_jazzy/install/ros2interface:/home/fiya/ros2_jazzy/install/ros2action:/home/fiya/ros2_jazzy/install/ros2cli:/home/fiya/ros2_jazzy/install/launch_testing_ros:/home/fiya/ros2_jazzy/install/launch_ros:/home/fiya/ros2_jazzy/install/examples_rclpy_minimal_action_server:/home/fiya/ros2_jazzy/install/examples_rclpy_minimal_action_client:/home/fiya/ros2_jazzy/install/examples_rclpy_guard_conditions:/home/fiya/ros2_jazzy/install/action_tutorials_py:/home/fiya/ros2_jazzy/install/ament_uncrustify:/home/fiya/ros2_jazzy/install/tracetools_trace:/home/fiya/ros2_jazzy/install/tracetools_read:/home/fiya/ros2_jazzy/install/test_tracetools_launch:/home/fiya/ros2_jazzy/install/test_ros2trace:/home/fiya/ros2_jazzy/install/test_launch_ros:/home/fiya/ros2_jazzy/install/rpyutils:/home/fiya/ros2_jazzy/install/rosidl_runtime_py:/home/fiya/ros2_jazzy/install/rosidl_pycommon:/home/fiya/ros2_jazzy/install/rosidl_cli:/home/fiya/ros2_jazzy/install/launch_pytest:/home/fiya/ros2_jazzy/install/launch_testing:/home/fiya/ros2_jazzy/install/launch_yaml:/home/fiya/ros2_jazzy/install/launch_xml:/home/fiya/ros2_jazzy/install/launch:/home/fiya/ros2_jazzy/install/osrf_pycommon:/home/fiya/ros2_jazzy/install/domain_coordinator:/home/fiya/ros2_jazzy/install/ament_xmllint:/home/fiya/ros2_jazzy/install/ament_pyflakes:/home/fiya/ros2_jazzy/install/ament_pycodestyle:/home/fiya/ros2_jazzy/install/ament_pep257:/home/fiya/ros2_jazzy/install/ament_pclint:/home/fiya/ros2_jazzy/install/ament_package:/home/fiya/ros2_jazzy/install/ament_mypy:/home/fiya/ros2_jazzy/install/ament_lint_cmake:/home/fiya/ros2_jazzy/install/ament_flake8:/home/fiya/ros2_jazzy/install/ament_copyright:/home/fiya/ros2_jazzy/install/ament_lint:/home/fiya/ros2_jazzy/install/ament_index_python:/home/fiya/ros2_jazzy/install/ament_cpplint:/home/fiya/ros2_jazzy/install/ament_cppcheck:/home/fiya/ros2_jazzy/install/ament_clang_tidy:/home/fiya/ros2_jazzy/install/ament_clang_format DEBUGINFOD_URLS=https://debuginfod.ubuntu.com /usr/bin/cmake --install /home/fiya/ros2_ws/build/sllidar_ros2
[7.065s] Level 1:colcon.colcon_core.environment:checking '/home/fiya/ros2_ws/install/sllidar_ros2' for CMake module files
[7.067s] Level 1:colcon.colcon_core.environment:checking '/home/fiya/ros2_ws/install/sllidar_ros2' for CMake config files
[7.068s] Level 1:colcon.colcon_core.shell:create_environment_hook('sllidar_ros2', 'cmake_prefix_path')
[7.068s] INFO:colcon.colcon_core.shell:Creating environment hook '/home/fiya/ros2_ws/install/sllidar_ros2/share/sllidar_ros2/hook/cmake_prefix_path.ps1'
[7.074s] INFO:colcon.colcon_core.shell:Creating environment descriptor '/home/fiya/ros2_ws/install/sllidar_ros2/share/sllidar_ros2/hook/cmake_prefix_path.dsv'
[7.076s] INFO:colcon.colcon_core.shell:Creating environment hook '/home/fiya/ros2_ws/install/sllidar_ros2/share/sllidar_ros2/hook/cmake_prefix_path.sh'
[7.078s] Level 1:colcon.colcon_core.environment:checking '/home/fiya/ros2_ws/install/sllidar_ros2/lib'
[7.079s] Level 1:colcon.colcon_core.environment:checking '/home/fiya/ros2_ws/install/sllidar_ros2/bin'
[7.079s] Level 1:colcon.colcon_core.environment:checking '/home/fiya/ros2_ws/install/sllidar_ros2/lib/pkgconfig/sllidar_ros2.pc'
[7.091s] Level 1:colcon.colcon_core.environment:checking '/home/fiya/ros2_ws/install/sllidar_ros2/lib/python3.12/site-packages'
[7.092s] Level 1:colcon.colcon_core.environment:checking '/home/fiya/ros2_ws/install/sllidar_ros2/bin'
[7.093s] INFO:colcon.colcon_core.shell:Creating package script '/home/fiya/ros2_ws/install/sllidar_ros2/share/sllidar_ros2/package.ps1'
[7.097s] INFO:colcon.colcon_core.shell:Creating package descriptor '/home/fiya/ros2_ws/install/sllidar_ros2/share/sllidar_ros2/package.dsv'
[7.099s] INFO:colcon.colcon_core.shell:Creating package script '/home/fiya/ros2_ws/install/sllidar_ros2/share/sllidar_ros2/package.sh'
[7.101s] INFO:colcon.colcon_core.shell:Creating package script '/home/fiya/ros2_ws/install/sllidar_ros2/share/sllidar_ros2/package.bash'
[7.103s] INFO:colcon.colcon_core.shell:Creating package script '/home/fiya/ros2_ws/install/sllidar_ros2/share/sllidar_ros2/package.zsh'
[7.104s] Level 1:colcon.colcon_core.environment:create_file_with_runtime_dependencies(/home/fiya/ros2_ws/install/sllidar_ros2/share/colcon-core/packages/sllidar_ros2)
[7.106s] Level 1:colcon.colcon_core.environment:create_environment_scripts_only(sllidar_ros2)
[7.106s] Level 1:colcon.colcon_core.environment:checking '/home/fiya/ros2_ws/install/sllidar_ros2' for CMake module files
[7.107s] Level 1:colcon.colcon_core.environment:checking '/home/fiya/ros2_ws/install/sllidar_ros2' for CMake config files
[7.108s] Level 1:colcon.colcon_core.shell:create_environment_hook('sllidar_ros2', 'cmake_prefix_path')
[7.108s] INFO:colcon.colcon_core.shell:Creating environment hook '/home/fiya/ros2_ws/install/sllidar_ros2/share/sllidar_ros2/hook/cmake_prefix_path.ps1'
[7.109s] INFO:colcon.colcon_core.shell:Creating environment descriptor '/home/fiya/ros2_ws/install/sllidar_ros2/share/sllidar_ros2/hook/cmake_prefix_path.dsv'
[7.109s] INFO:colcon.colcon_core.shell:Creating environment hook '/home/fiya/ros2_ws/install/sllidar_ros2/share/sllidar_ros2/hook/cmake_prefix_path.sh'
[7.110s] Level 1:colcon.colcon_core.environment:checking '/home/fiya/ros2_ws/install/sllidar_ros2/lib'
[7.110s] Level 1:colcon.colcon_core.environment:checking '/home/fiya/ros2_ws/install/sllidar_ros2/bin'
[7.110s] Level 1:colcon.colcon_core.environment:checking '/home/fiya/ros2_ws/install/sllidar_ros2/lib/pkgconfig/sllidar_ros2.pc'
[7.111s] Level 1:colcon.colcon_core.environment:checking '/home/fiya/ros2_ws/install/sllidar_ros2/lib/python3.12/site-packages'
[7.111s] Level 1:colcon.colcon_core.environment:checking '/home/fiya/ros2_ws/install/sllidar_ros2/bin'
[7.112s] INFO:colcon.colcon_core.shell:Creating package script '/home/fiya/ros2_ws/install/sllidar_ros2/share/sllidar_ros2/package.ps1'
[7.113s] INFO:colcon.colcon_core.shell:Creating package descriptor '/home/fiya/ros2_ws/install/sllidar_ros2/share/sllidar_ros2/package.dsv'
[7.114s] INFO:colcon.colcon_core.shell:Creating package script '/home/fiya/ros2_ws/install/sllidar_ros2/share/sllidar_ros2/package.sh'
[7.114s] INFO:colcon.colcon_core.shell:Creating package script '/home/fiya/ros2_ws/install/sllidar_ros2/share/sllidar_ros2/package.bash'
[7.115s] INFO:colcon.colcon_core.shell:Creating package script '/home/fiya/ros2_ws/install/sllidar_ros2/share/sllidar_ros2/package.zsh'
[7.116s] Level 1:colcon.colcon_core.environment:create_file_with_runtime_dependencies(/home/fiya/ros2_ws/install/sllidar_ros2/share/colcon-core/packages/sllidar_ros2)
[7.116s] DEBUG:colcon.colcon_parallel_executor.executor.parallel:closing loop
[7.117s] DEBUG:colcon.colcon_parallel_executor.executor.parallel:loop closed
[7.117s] DEBUG:colcon.colcon_parallel_executor.executor.parallel:run_until_complete finished with '0'
[7.117s] DEBUG:colcon.colcon_core.event_reactor:joining thread
[7.143s] INFO:colcon.colcon_core.plugin_system:Skipping extension 'colcon_notification.desktop_notification.terminal_notifier': Not used on non-Darwin systems
[7.144s] INFO:colcon.colcon_core.plugin_system:Skipping extension 'colcon_notification.desktop_notification.win32': Not used on non-Windows systems
[7.144s] INFO:colcon.colcon_notification.desktop_notification:Sending desktop notification using 'notify2'
[7.175s] DEBUG:colcon.colcon_core.event_reactor:joined thread
[7.176s] INFO:colcon.colcon_core.shell:Creating prefix script '/home/fiya/ros2_ws/install/local_setup.ps1'
[7.178s] INFO:colcon.colcon_core.shell:Creating prefix util module '/home/fiya/ros2_ws/install/_local_setup_util_ps1.py'
[7.180s] INFO:colcon.colcon_core.shell:Creating prefix chain script '/home/fiya/ros2_ws/install/setup.ps1'
[7.210s] INFO:colcon.colcon_core.shell:Creating prefix script '/home/fiya/ros2_ws/install/local_setup.sh'
[7.212s] INFO:colcon.colcon_core.shell:Creating prefix util module '/home/fiya/ros2_ws/install/_local_setup_util_sh.py'
[7.213s] INFO:colcon.colcon_core.shell:Creating prefix chain script '/home/fiya/ros2_ws/install/setup.sh'
[7.240s] INFO:colcon.colcon_core.shell:Creating prefix script '/home/fiya/ros2_ws/install/local_setup.bash'
[7.241s] INFO:colcon.colcon_core.shell:Creating prefix chain script '/home/fiya/ros2_ws/install/setup.bash'
[7.268s] INFO:colcon.colcon_core.shell:Creating prefix script '/home/fiya/ros2_ws/install/local_setup.zsh'
[7.269s] INFO:colcon.colcon_core.shell:Creating prefix chain script '/home/fiya/ros2_ws/install/setup.zsh'
